This is LuaHBTeX, Version 1.13.0 (MiKTeX 21.1) (format=lualatex 2021.3.4)  4 MAR 2021 19:19
 restricted system commands enabled.
**test.tex
(./test.tex
LaTeX2e <2020-10-01> patch level 4
Lua module: luaotfload 2021-01-08 3.17 Lua based OpenType font support
Lua module: lualibs 2020-12-30 2.73 ConTeXt Lua standard libraries.
Lua module: lualibs-extended 2020-12-30 2.73 ConTeXt Lua libraries -- extended c
ollection.
luaotfload | conf : Root cache directory is "C:/Users/impishwhite/AppData/Local/
MiKTeX/luatex-cache/generic/names".
luaotfload | init : Loading fontloader "fontloader-2021-01-07.lua" from kpse-res
olved path "C:/Program Files/MiKTeX/tex/luatex/luaotfload/fontloader-2021-01-07.
lua".
Lua-only attribute luaotfload@noligature = 1
Lua-only attribute luaotfload@syllabe = 2
luaotfload | init : Context OpenType loader version 0x1.8e76c8b439581p+1
Inserting `luaotfload.node_processor' at position 1 in `pre_linebreak_filter'.
Inserting `luaotfload.node_processor' at position 1 in `hpack_filter'.
Inserting `luaotfload.glyph_stream' at position 1 in `glyph_stream_provider'.
Inserting `luaotfload.define_font' at position 1 in `define_font'.
Lua-only attribute luaotfload_color_attribute = 3
luaotfload | conf : Root cache directory is "C:/Users/impishwhite/AppData/Local/
MiKTeX/luatex-cache/generic/names".
Inserting `luaotfload.harf.strip_prefix' at position 1 in `find_opentype_file'.
Inserting `luaotfload.harf.strip_prefix' at position 1 in `find_truetype_file'.
Inserting `luaotfload.harf.finalize_vlist' at position 1 in `post_linebreak_filt
er'.
Inserting `luaotfload.harf.finalize_hlist' at position 2 in `hpack_filter'.
Inserting `luaotfload.cleanup_files' at position 1 in `wrapup_run'.
Inserting `luaotfload.harf.finalize_unicode' at position 1 in `finish_pdffile'.
Inserting `luaotfload.glyphinfo' at position 1 in `glyph_info'.
Inserting `luaotfload.aux.set_sscale_dimens' at position 1 in `luaotfload.patch_
font'.
Inserting `luaotfload.aux.set_font_index' at position 2 in `luaotfload.patch_fon
t'.
Inserting `luaotfload.aux.patch_cambria_domh' at position 3 in `luaotfload.patch
_font'.
Inserting `luaotfload.aux.fixup_fontdata' at position 1 in `luaotfload.patch_fon
t_unsafe'.
Inserting `luaotfload.aux.set_capheight' at position 4 in `luaotfload.patch_font
'.
Inserting `luaotfload.aux.set_xheight' at position 5 in `luaotfload.patch_font'.
Inserting `luaotfload.rewrite_fontname' at position 6 in `luaotfload.patch_font'
. L3 programming layer <2021-02-06> xparse <2020-03-03> (./altacv.cls
Document Class: altacv 2021/03/01 Based on AltaCV v1.3.3 - yet another alternat
ive class for a resume/curriculum vitae.
(C:/Users/impishwhite/AppData/Roaming/MiKTeX/tex/latex/pdfx/pdfx.sty
Package: pdfx 2019/02/27 v1.6.3 PDF/X and PDF/A support (CVR/HTH/RRM/PS)
\pdfx@minorversion=\count173

("C:/Program Files/MiKTeX/tex/generic/iftex/iftex.sty"
Package: iftex 2020/03/06 v1.0d TeX engine tests
)
("C:/Program Files/MiKTeX/tex/generic/iftex/ifpdf.sty"
Package: ifpdf 2019/10/25 v3.4 ifpdf legacy package. Use iftex instead.
)
("C:/Program Files/MiKTeX/tex/generic/iftex/ifxetex.sty"
Package: ifxetex 2019/10/25 v0.7 ifxetex legacy package. Use iftex instead.
)
("C:/Program Files/MiKTeX/tex/latex/base/everyshi-ltx.sty"
Package: everyshi-ltx 2020/08/17 v1.0a Emulation of the original everyshi packa
ge
with kernel methods
)
("C:/Program Files/MiKTeX/tex/generic/iftex/ifluatex.sty"
Package: ifluatex 2019/10/25 v1.5 ifluatex legacy package. Use iftex instead.
)
("C:/Program Files/MiKTeX/tex/generic/luatex85/luatex85.sty"
Package: luatex85 2016/06/15 v1.4 pdftex aliases for luatex
)
("C:/Program Files/MiKTeX/tex/generic/pdftexcmds/pdftexcmds.sty"
Package: pdftexcmds 2020-06-27 v0.33 Utility functions of pdfTeX for LuaTeX (HO
)

(C:/Users/impishwhite/AppData/Roaming/MiKTeX/tex/generic/infwarerr/infwarerr.st
y
Package: infwarerr 2019/12/03 v1.5 Providing info/warning/error messages (HO)
) (C:/Users/impishwhite/AppData/Roaming/MiKTeX/tex/generic/ltxcmds/ltxcmds.sty
Package: ltxcmds 2020-05-10 v1.25 LaTeX kernel commands for general use (HO)
)
Package pdftexcmds Info: \pdf@primitive is available.
Package pdftexcmds Info: \pdf@ifprimitive is available.
Package pdftexcmds Info: \pdfdraftmode found.
\pdftexcmds@toks=\toks15
){C:/Users/impishwhite/AppData/Local/MiKTeX/pdftex/config/pdftex.map}
warning  (map file): entry for 'dummy-space' already exists, duplicates ignored
(C:/Users/impishwhite/AppData/Roaming/MiKTeX/tex/latex/pdfx/l8u-penc.def
File: l8u-penc.def 2017/06/23 v0.8 Custom LaTeX file, for UTF8 encoded letters 
and symbols
LaTeX Info: Composite with undeclared \b in encoding L8U on input line 278.
)
\pdfxsafeforxmp@toks=\toks16

("C:/Program Files/MiKTeX/tex/latex/xcolor/xcolor.sty"
Package: xcolor 2016/05/11 v2.12 LaTeX color extensions (UK)

("C:/Program Files/MiKTeX/tex/latex/graphics-cfg/color.cfg"
File: color.cfg 2016/01/02 v1.6 sample color configuration
)
Package xcolor Info: Driver file: luatex.def on input line 225.

("C:/Program Files/MiKTeX/tex/latex/graphics-def/luatex.def"
File: luatex.def 2020/10/05 v1.2a Graphics/color driver for luatex
)
Package xcolor Info: Model `cmy' substituted by `cmy0' on input line 1348.
Package xcolor Info: Model `hsb' substituted by `rgb' on input line 1352.
Package xcolor Info: Model `RGB' extended on input line 1364.
Package xcolor Info: Model `HTML' substituted by `rgb' on input line 1366.
Package xcolor Info: Model `Hsb' substituted by `hsb' on input line 1367.
Package xcolor Info: Model `tHsb' substituted by `hsb' on input line 1368.
Package xcolor Info: Model `HSB' substituted by `hsb' on input line 1369.
Package xcolor Info: Model `Gray' substituted by `gray' on input line 1370.
Package xcolor Info: Model `wave' substituted by `hsb' on input line 1371.

("C:/Program Files/MiKTeX/tex/latex/xcolor/svgnam.def"
File: svgnam.def 2016/05/11 v2.12 Predefined colors according to SVG 1.1 (UK)
))
\pdfx@tmptoks=\toks17

("C:/Program Files/MiKTeX/tex/latex/hyperref/hyperref.sty"
Package: hyperref 2021-02-10 v7.00j Hypertext links for LaTeX

("C:/Program Files/MiKTeX/tex/latex/graphics/keyval.sty"
Package: keyval 2014/10/28 v1.15 key=value parser (DPC)
\KV@toks@=\toks18
)
(C:/Users/impishwhite/AppData/Roaming/MiKTeX/tex/generic/kvsetkeys/kvsetkeys.st
y
Package: kvsetkeys 2019/12/15 v1.18 Key value parser (HO)
)
(C:/Users/impishwhite/AppData/Roaming/MiKTeX/tex/generic/kvdefinekeys/kvdefinek
eys.sty
Package: kvdefinekeys 2019-12-19 v1.6 Define keys (HO)
)
(C:/Users/impishwhite/AppData/Roaming/MiKTeX/tex/generic/pdfescape/pdfescape.st
y
Package: pdfescape 2019/12/09 v1.15 Implements pdfTeX's escape features (HO)
) (C:/Users/impishwhite/AppData/Roaming/MiKTeX/tex/latex/hycolor/hycolor.sty
Package: hycolor 2020-01-27 v1.10 Color options for hyperref/bookmark (HO)
)
(C:/Users/impishwhite/AppData/Roaming/MiKTeX/tex/latex/letltxmacro/letltxmacro.
sty
Package: letltxmacro 2019/12/03 v1.6 Let assignment for LaTeX macros (HO)
) (C:/Users/impishwhite/AppData/Roaming/MiKTeX/tex/latex/auxhook/auxhook.sty
Package: auxhook 2019-12-17 v1.6 Hooks for auxiliary files (HO)
)
(C:/Users/impishwhite/AppData/Roaming/MiKTeX/tex/latex/kvoptions/kvoptions.sty
Package: kvoptions 2020-10-07 v3.14 Key value format for package options (HO)
)
\@linkdim=\dimen138
\Hy@linkcounter=\count174
\Hy@pagecounter=\count175
("C:/Program Files/MiKTeX/tex/latex/hyperref/pd1enc.def"
File: pd1enc.def 2021-02-10 v7.00j Hyperref: PDFDocEncoding definition (HO)
)
("C:/Program Files/MiKTeX/tex/latex/hyperref/hyperref-langpatches.def"
File: hyperref-langpatches.def 2021-02-10 v7.00j Hyperref: patches for babel la
nguages
)
(C:/Users/impishwhite/AppData/Roaming/MiKTeX/tex/generic/intcalc/intcalc.sty
Package: intcalc 2019/12/15 v1.3 Expandable calculations with integers (HO)
)
(C:/Users/impishwhite/AppData/Roaming/MiKTeX/tex/generic/etexcmds/etexcmds.sty
Package: etexcmds 2019/12/15 v1.7 Avoid name clashes with e-TeX commands (HO)
)
\Hy@SavedSpaceFactor=\count176
("C:/Program Files/MiKTeX/tex/latex/hyperref/puenc.def"
File: puenc.def 2021-02-10 v7.00j Hyperref: PDF Unicode definition (HO)
)
\pdfmajorversion=\count177
Package hyperref Info: Option `final' set `true' on input line 4073.
Package hyperref Info: Option `unicode' set `true' on input line 4073.
Package hyperref Info: Option `pdfa' set `true' on input line 4073.
Package hyperref Info: Hyper figures OFF on input line 4192.
Package hyperref Info: Link nesting OFF on input line 4197.
Package hyperref Info: Hyper index ON on input line 4200.
Package hyperref Info: Plain pages OFF on input line 4207.
Package hyperref Info: Backreferencing OFF on input line 4212.
Package hyperref Info: Implicit mode ON; LaTeX internals redefined.
Package hyperref Info: Bookmarks ON on input line 4445.
\c@Hy@tempcnt=\count178

("C:/Program Files/MiKTeX/tex/latex/url/url.sty"
\Urlmuskip=\muskip16
Package: url 2013/09/16  ver 3.4  Verb mode for urls, etc.
)
LaTeX Info: Redefining \url on input line 4804.
\XeTeXLinkMargin=\dimen139

(C:/Users/impishwhite/AppData/Roaming/MiKTeX/tex/generic/bitset/bitset.sty
Package: bitset 2019/12/09 v1.3 Handle bit-vector datatype (HO)

(C:/Users/impishwhite/AppData/Roaming/MiKTeX/tex/generic/bigintcalc/bigintcalc.
sty
Package: bigintcalc 2019/12/15 v1.5 Expandable calculations on big integers (HO
)
))
\Fld@menulength=\count179
\Field@Width=\dimen140
\Fld@charsize=\dimen141
Package hyperref Info: Hyper figures OFF on input line 6075.
Package hyperref Info: Link nesting OFF on input line 6080.
Package hyperref Info: Hyper index ON on input line 6083.
Package hyperref Info: backreferencing OFF on input line 6090.
Package hyperref Info: Link coloring OFF on input line 6095.
Package hyperref Info: Link coloring with OCG OFF on input line 6100.
Package hyperref Info: PDF/A mode ON on input line 6103.
LaTeX Info: Redefining \ref on input line 6145.
LaTeX Info: Redefining \pageref on input line 6149.
 ("C:/Program Files/MiKTeX/tex/latex/base/atbegshi-ltx.sty"
Package: atbegshi-ltx 2020/08/17 v1.0a Emulation of the original atbegshi packa
ge
with kernel methods
)

Package hyperref Warning: Option `pdfpagelabels' is turned off
(hyperref)                because \thepage is undefined.

\c@Item=\count180
\c@Hfootnote=\count181
)
Package hyperref Info: Driver: hluatex.
 ("C:/Program Files/MiKTeX/tex/latex/hyperref/hluatex.def"
File: hluatex.def 2021-02-10 v7.00j Hyperref driver for luaTeX

(C:/Users/impishwhite/AppData/Roaming/MiKTeX/tex/generic/stringenc/stringenc.st
y
Package: stringenc 2019/11/29 v1.12 Convert strings between diff. encodings (HO
)
)
Package hyperref Info: 񑙫.񑙬:=1.4 on input line 240.
\Fld@listcount=\count182
\c@bookmark@seq@number=\count183

(C:/Users/impishwhite/AppData/Roaming/MiKTeX/tex/latex/rerunfilecheck/rerunfile
check.sty
Package: rerunfilecheck 2019/12/05 v1.9 Rerun checks for auxiliary files (HO)
 ("C:/Program Files/MiKTeX/tex/latex/base/atveryend-ltx.sty"
Package: atveryend-ltx 2020/08/19 v1.0a Emulation of the original atvery packag
e
with kernel methods
)
(C:/Users/impishwhite/AppData/Roaming/MiKTeX/tex/generic/uniquecounter/uniqueco
unter.sty
Package: uniquecounter 2019/12/15 v1.4 Provide unlimited unique counter (HO)
)
Package uniquecounter Info: New unique counter `rerunfilecheck' on input line 2
86.
)
\Hy@SectionHShift=\skip47
)
Package hyperref Info: Option `unicode' set `true' on input line 1463.
Package hyperref Info: Option `psdextra' set `true' on input line 1465.
 ("C:/Program Files/MiKTeX/tex/latex/hyperref/puenc-greek.def"
File: puenc-greek.def 2021-02-10 v7.00j Hyperref: PDF Unicode definition (greek
 block) (HO)
)
("C:/Program Files/MiKTeX/tex/latex/hyperref/psdextra.def"
File: psdextra.def 2021-02-10 v7.00j Hyperref: Additions to PDF string support
)
(C:/Users/impishwhite/AppData/Roaming/MiKTeX/tex/generic/colorprofiles/colorpro
files.sty
Package: colorprofiles 2018/11/01 v1.0.1 color profiles for PDF/X and PDF/A sup
port

(C:/Users/impishwhite/AppData/Roaming/MiKTeX/tex/generic/colorprofiles/colorpro
files.tex))
(C:/Users/impishwhite/AppData/Roaming/MiKTeX/tex/generic/stringenc/se-ascii-pri
nt.def
File: se-ascii-print.def 2019/11/29 v1.12 stringenc: Printable ASCII characters

)
(C:/Users/impishwhite/AppData/Roaming/MiKTeX/tex/latex/pdfx/AdobeColorProfiles.
tex)
** pdfx: No file test.xmpdata . Metadata will be incomplete!
<<sRGB.icc>>
Package hyperref Info: Option `unicode' set `true' on input line 2411.
Package hyperref Info: Option `unicode' set `true' on input line 2412.
 ("C:/Program Files/MiKTeX/tex/generic/pdftex/glyphtounicode.tex")
(C:/Users/impishwhite/AppData/Roaming/MiKTeX/tex/latex/pdfx/glyphtounicode-cmr.
tex)
(C:/Users/impishwhite/AppData/Roaming/MiKTeX/tex/latex/pdfx/glyphtounicode-ntx.
tex) ("C:/Program Files/MiKTeX/tex/latex/base/ifthen.sty"
Package: ifthen 2014/09/29 v1.1c Standard LaTeX ifthen package (DPC)
)
(C:/Users/impishwhite/AppData/Roaming/MiKTeX/tex/latex/xmpincl/xmpincl.sty
Package: xmpincl 2008/05/10 v2.2 Include XMP data in pdflatex
)
Using XMP template file: pdfa.xmp
\xmpinclWrite=\write3
\xmpinclRead=\read2

\openout3 = pdfa.xmpi
<<pdfa.xmpi>>)
(C:/Users/impishwhite/AppData/Roaming/MiKTeX/tex/latex/geometry/geometry.sty
Package: geometry 2020/01/02 v5.9 Page Geometry

("C:/Program Files/MiKTeX/tex/generic/iftex/ifvtex.sty"
Package: ifvtex 2019/10/25 v1.7 ifvtex legacy package. Use iftex instead.
)
\Gm@cnth=\count184
\Gm@cntv=\count185
\c@Gm@tempcnt=\count186
\Gm@bindingoffset=\dimen142
\Gm@wd@mp=\dimen143
\Gm@odd@mp=\dimen144
\Gm@even@mp=\dimen145
\Gm@layoutwidth=\dimen146
\Gm@layoutheight=\dimen147
\Gm@layouthoffset=\dimen148
\Gm@layoutvoffset=\dimen149
\Gm@dimlist=\toks19

(C:/Users/impishwhite/AppData/Roaming/MiKTeX/tex/latex/geometry/geometry.cfg))
(C:/Users/impishwhite/AppData/Roaming/MiKTeX/tex/latex/fontawesome5/fontawesome
5.sty ("C:/Program Files/MiKTeX/tex/latex/l3kernel/expl3.sty"
Package: expl3 2021-02-06 L3 programming layer (loader) 

("C:/Program Files/MiKTeX/tex/latex/l3backend/l3backend-luatex.def"
File: l3backend-luatex.def 2021-02-06 L3 backend support: PDF output (LuaTeX)
\l__color_backend_stack_int=\count187
\l__pdf_internal_box=\box47
))
Package: fontawesome5 2020/03/24 v5.13.0 Font Awesome 5

("C:/Program Files/MiKTeX/tex/latex/l3packages/l3keys2e/l3keys2e.sty"
Package: l3keys2e 2020-10-27 LaTeX2e option processing using LaTeX3 keys
)
("C:/Program Files/MiKTeX/tex/latex/l3packages/xparse/xparse.sty"
Package: xparse 2020-10-27 L3 Experimental document command parser

("C:/Program Files/MiKTeX/tex/latex/l3packages/xparse/xparse-generic.tex"))
(C:/Users/impishwhite/AppData/Roaming/MiKTeX/tex/latex/fontawesome5/fontawesome
5-utex-helper.sty
Package: fontawesome5-utex-helper 2020/03/24 v5.13.0 uTeX helper for fontawesom
e5

(C:/Users/impishwhite/AppData/Roaming/MiKTeX/tex/luatex/luatexbase/luatexbase.s
ty
Package: luatexbase 2015/10/04 v1.3 luatexbase interface to LuaTeX 

(C:/Users/impishwhite/AppData/Roaming/MiKTeX/tex/luatex/ctablestack/ctablestack
.sty
Package: ctablestack 2015/10/01 v1.0 Catcode table stable support
\@catcodetablestackcnt=\count188
)
\CatcodeTableOther=\catcodetable12
\CatcodeTableExpl=\catcodetable13
)
LaTeX Font Info:    Trying to load font information for TU+fontawesomefree on i
nput line 69.

(C:/Users/impishwhite/AppData/Roaming/MiKTeX/tex/latex/fontawesome5/tufontaweso
mefree.fd)
luaotfload | db : Font names database loaded from C:/Users/impishwhite/AppData/L
ocal/MiKTeX/luatex-cache/generic/names/luaotfload-names.luc
LaTeX Font Info:    Trying to load font information for TU+fontawesomebrands on
 input line 70.

(C:/Users/impishwhite/AppData/Roaming/MiKTeX/tex/latex/fontawesome5/tufontaweso
mebrands.fd)))
(C:/Users/impishwhite/AppData/Roaming/MiKTeX/tex/latex/koma-script/scrlfile.sty
Package: scrlfile 2020/09/21 v3.32 KOMA-Script package (file load hooks)

(C:/Users/impishwhite/AppData/Roaming/MiKTeX/tex/latex/koma-script/scrlfile-hoo
k.sty
Package: scrlfile-hook 2020/09/21 v3.32 KOMA-Script package (using LaTeX hooks)


(C:/Users/impishwhite/AppData/Roaming/MiKTeX/tex/latex/koma-script/scrlogo.sty
Package: scrlogo 2020/09/21 v3.32 KOMA-Script package (logo)
))) ("C:/Program Files/MiKTeX/tex/latex/l3packages/xfp/xfp.sty"
Package: xfp 2020-10-27 L3 Floating point unit
)
(C:/Users/impishwhite/AppData/Roaming/MiKTeX/tex/latex/realscripts/realscripts.
sty
Package: realscripts 2016/02/13 v0.3d Access OpenType subscripts and superscrip
ts
 ("C:/Program Files/MiKTeX/tex/latex/fontspec/fontspec.sty"
Package: fontspec 2020/02/21 v2.7i Font selection for XeLaTeX and LuaLaTeX
Lua module: fontspec 2020/02/21 2.7i Font selection for XeLaTeX and LuaLaTeX
("C:/Program Files/MiKTeX/tex/latex/fontspec/fontspec-luatex.sty"
Package: fontspec-luatex 2020/02/21 v2.7i Font selection for XeLaTeX and LuaLaT
eX
\l__fontspec_script_int=\count189
\l__fontspec_language_int=\count190
\l__fontspec_strnum_int=\count191
\l__fontspec_tmp_int=\count192
\l__fontspec_tmpa_int=\count193
\l__fontspec_tmpb_int=\count194
\l__fontspec_tmpc_int=\count195
\l__fontspec_em_int=\count196
\l__fontspec_emdef_int=\count197
\l__fontspec_strong_int=\count198
\l__fontspec_strongdef_int=\count199
\l__fontspec_tmpa_dim=\dimen150
\l__fontspec_tmpb_dim=\dimen151
\l__fontspec_tmpc_dim=\dimen152

("C:/Program Files/MiKTeX/tex/latex/base/fontenc.sty"
Package: fontenc 2020/08/10 v2.0s Standard LaTeX package
)

! LaTeX Error: The font size command \normalsize is not defined:
               there is probably something wrong with the class file.

See the LaTeX manual or LaTeX Companion for explanation.
Type  H <return>  for immediate help.
 ...                                              
                                                  
l.479 ...if_in:NnT \@filelist {.cls} { \normalsize }
                                                  
Your command was ignored.
Type  I <command> <return>  to replace it with another command,
or  <return>  to continue without it.

("C:/Program Files/MiKTeX/tex/latex/fontspec/fontspec.cfg")))
\subsupersep=\dimen153
)
("C:/Program Files/MiKTeX/tex/latex/pgf/basiclayer/pgf.sty"
("C:/Program Files/MiKTeX/tex/latex/pgf/utilities/pgfrcs.sty"
("C:/Program Files/MiKTeX/tex/generic/pgf/utilities/pgfutil-common.tex"
\pgfutil@everybye=\toks20
\pgfutil@tempdima=\dimen154
\pgfutil@tempdimb=\dimen155

("C:/Program Files/MiKTeX/tex/generic/pgf/utilities/pgfutil-common-lists.tex")) ("C:/Program Files/MiKTeX/tex/generic/pgf/utilities/pgfutil-latex.def"
\pgfutil@abb=\box48
)
("C:/Program Files/MiKTeX/tex/generic/pgf/utilities/pgfrcs.code.tex"
("C:/Program Files/MiKTeX/tex/generic/pgf/pgf.revision.tex")
Package: pgfrcs 2020/12/27 v3.1.8b (3.1.8b)
))
Package: pgf 2020/12/27 v3.1.8b (3.1.8b)

("C:/Program Files/MiKTeX/tex/latex/pgf/basiclayer/pgfcore.sty"
("C:/Program Files/MiKTeX/tex/latex/graphics/graphicx.sty"
Package: graphicx 2020/09/09 v1.2b Enhanced LaTeX Graphics (DPC,SPQR)

("C:/Program Files/MiKTeX/tex/latex/graphics/graphics.sty"
Package: graphics 2020/08/30 v1.4c Standard LaTeX Graphics (DPC,SPQR)

("C:/Program Files/MiKTeX/tex/latex/graphics/trig.sty"
Package: trig 2016/01/03 v1.10 sin cos tan (DPC)
)
("C:/Program Files/MiKTeX/tex/latex/graphics-cfg/graphics.cfg"
File: graphics.cfg 2016/06/04 v1.11 sample graphics configuration
)
Package graphics Info: Driver file: luatex.def on input line 105.
)
\Gin@req@height=\dimen156
\Gin@req@width=\dimen157
)
("C:/Program Files/MiKTeX/tex/latex/pgf/systemlayer/pgfsys.sty"
("C:/Program Files/MiKTeX/tex/generic/pgf/systemlayer/pgfsys.code.tex"
Package: pgfsys 2020/12/27 v3.1.8b (3.1.8b)

("C:/Program Files/MiKTeX/tex/generic/pgf/utilities/pgfkeys.code.tex"
\pgfkeys@pathtoks=\toks21
\pgfkeys@temptoks=\toks22

("C:/Program Files/MiKTeX/tex/generic/pgf/utilities/pgfkeysfiltered.code.tex"
\pgfkeys@tmptoks=\toks23
))
\pgf@x=\dimen158
\pgf@y=\dimen159
\pgf@xa=\dimen160
\pgf@ya=\dimen161
\pgf@xb=\dimen162
\pgf@yb=\dimen163
\pgf@xc=\dimen164
\pgf@yc=\dimen165
\pgf@xd=\dimen166
\pgf@yd=\dimen167
\w@pgf@writea=\write4
\r@pgf@reada=\read3
\c@pgf@counta=\count266
\c@pgf@countb=\count267
\c@pgf@countc=\count268
\c@pgf@countd=\count269
\t@pgf@toka=\toks24
\t@pgf@tokb=\toks25
\t@pgf@tokc=\toks26
\pgf@sys@id@count=\count270
("C:/Program Files/MiKTeX/tex/generic/pgf/systemlayer/pgf.cfg"
File: pgf.cfg 2020/12/27 v3.1.8b (3.1.8b)
)
Driver file for pgf: pgfsys-luatex.def

("C:/Program Files/MiKTeX/tex/generic/pgf/systemlayer/pgfsys-luatex.def"
File: pgfsys-luatex.def 2020/12/27 v3.1.8b (3.1.8b)

("C:/Program Files/MiKTeX/tex/generic/pgf/systemlayer/pgfsys-common-pdf.def"
File: pgfsys-common-pdf.def 2020/12/27 v3.1.8b (3.1.8b)
))) ("C:/Program Files/MiKTeX/tex/generic/pgf/systemlayer/pgfsyssoftpath.code.t
ex"
File: pgfsyssoftpath.code.tex 2020/12/27 v3.1.8b (3.1.8b)
\pgfsyssoftpath@smallbuffer@items=\count271
\pgfsyssoftpath@bigbuffer@items=\count272
) ("C:/Program Files/MiKTeX/tex/generic/pgf/systemlayer/pgfsysprotocol.code.tex
"
File: pgfsysprotocol.code.tex 2020/12/27 v3.1.8b (3.1.8b)
)) ("C:/Program Files/MiKTeX/tex/generic/pgf/basiclayer/pgfcore.code.tex"
Package: pgfcore 2020/12/27 v3.1.8b (3.1.8b)

("C:/Program Files/MiKTeX/tex/generic/pgf/math/pgfmath.code.tex"
("C:/Program Files/MiKTeX/tex/generic/pgf/math/pgfmathcalc.code.tex"
("C:/Program Files/MiKTeX/tex/generic/pgf/math/pgfmathutil.code.tex")
("C:/Program Files/MiKTeX/tex/generic/pgf/math/pgfmathparser.code.tex"
\pgfmath@dimen=\dimen168
\pgfmath@count=\count273
\pgfmath@box=\box49
\pgfmath@toks=\toks27
\pgfmath@stack@operand=\toks28
\pgfmath@stack@operation=\toks29
)
("C:/Program Files/MiKTeX/tex/generic/pgf/math/pgfmathfunctions.code.tex"
("C:/Program Files/MiKTeX/tex/generic/pgf/math/pgfmathfunctions.basic.code.tex"
)
("C:/Program Files/MiKTeX/tex/generic/pgf/math/pgfmathfunctions.trigonometric.c
ode.tex")
("C:/Program Files/MiKTeX/tex/generic/pgf/math/pgfmathfunctions.random.code.tex
")
("C:/Program Files/MiKTeX/tex/generic/pgf/math/pgfmathfunctions.comparison.code
.tex")
("C:/Program Files/MiKTeX/tex/generic/pgf/math/pgfmathfunctions.base.code.tex") ("C:/Program Files/MiKTeX/tex/generic/pgf/math/pgfmathfunctions.round.code.tex") ("C:/Program Files/MiKTeX/tex/generic/pgf/math/pgfmathfunctions.misc.code.tex")
("C:/Program Files/MiKTeX/tex/generic/pgf/math/pgfmathfunctions.integerarithmet
ics.code.tex")))
("C:/Program Files/MiKTeX/tex/generic/pgf/math/pgfmathfloat.code.tex"
\c@pgfmathroundto@lastzeros=\count274
))
("C:/Program Files/MiKTeX/tex/generic/pgf/math/pgfint.code.tex")
("C:/Program Files/MiKTeX/tex/generic/pgf/basiclayer/pgfcorepoints.code.tex"
File: pgfcorepoints.code.tex 2020/12/27 v3.1.8b (3.1.8b)
\pgf@picminx=\dimen169
\pgf@picmaxx=\dimen170
\pgf@picminy=\dimen171
\pgf@picmaxy=\dimen172
\pgf@pathminx=\dimen173
\pgf@pathmaxx=\dimen174
\pgf@pathminy=\dimen175
\pgf@pathmaxy=\dimen176
\pgf@xx=\dimen177
\pgf@xy=\dimen178
\pgf@yx=\dimen179
\pgf@yy=\dimen180
\pgf@zx=\dimen181
\pgf@zy=\dimen182
)
("C:/Program Files/MiKTeX/tex/generic/pgf/basiclayer/pgfcorepathconstruct.code.
tex"
File: pgfcorepathconstruct.code.tex 2020/12/27 v3.1.8b (3.1.8b)
\pgf@path@lastx=\dimen183
\pgf@path@lasty=\dimen184
)
("C:/Program Files/MiKTeX/tex/generic/pgf/basiclayer/pgfcorepathusage.code.tex"
File: pgfcorepathusage.code.tex 2020/12/27 v3.1.8b (3.1.8b)
\pgf@shorten@end@additional=\dimen185
\pgf@shorten@start@additional=\dimen186
) ("C:/Program Files/MiKTeX/tex/generic/pgf/basiclayer/pgfcorescopes.code.tex"
File: pgfcorescopes.code.tex 2020/12/27 v3.1.8b (3.1.8b)
\pgfpic=\box50
\pgf@hbox=\box51
\pgf@layerbox@main=\box52
\pgf@picture@serial@count=\count275
)
("C:/Program Files/MiKTeX/tex/generic/pgf/basiclayer/pgfcoregraphicstate.code.t
ex"
File: pgfcoregraphicstate.code.tex 2020/12/27 v3.1.8b (3.1.8b)
\pgflinewidth=\dimen187
)
("C:/Program Files/MiKTeX/tex/generic/pgf/basiclayer/pgfcoretransformations.cod
e.tex"
File: pgfcoretransformations.code.tex 2020/12/27 v3.1.8b (3.1.8b)
\pgf@pt@x=\dimen188
\pgf@pt@y=\dimen189
\pgf@pt@temp=\dimen190
)
("C:/Program Files/MiKTeX/tex/generic/pgf/basiclayer/pgfcorequick.code.tex"
File: pgfcorequick.code.tex 2020/12/27 v3.1.8b (3.1.8b)
)
("C:/Program Files/MiKTeX/tex/generic/pgf/basiclayer/pgfcoreobjects.code.tex"
File: pgfcoreobjects.code.tex 2020/12/27 v3.1.8b (3.1.8b)
)
("C:/Program Files/MiKTeX/tex/generic/pgf/basiclayer/pgfcorepathprocessing.code
.tex"
File: pgfcorepathprocessing.code.tex 2020/12/27 v3.1.8b (3.1.8b)
)
("C:/Program Files/MiKTeX/tex/generic/pgf/basiclayer/pgfcorearrows.code.tex"
File: pgfcorearrows.code.tex 2020/12/27 v3.1.8b (3.1.8b)
\pgfarrowsep=\dimen191
)
("C:/Program Files/MiKTeX/tex/generic/pgf/basiclayer/pgfcoreshade.code.tex"
File: pgfcoreshade.code.tex 2020/12/27 v3.1.8b (3.1.8b)
\pgf@max=\dimen192
\pgf@sys@shading@range@num=\count276
\pgf@shadingcount=\count277
)
("C:/Program Files/MiKTeX/tex/generic/pgf/basiclayer/pgfcoreimage.code.tex"
File: pgfcoreimage.code.tex 2020/12/27 v3.1.8b (3.1.8b)

("C:/Program Files/MiKTeX/tex/generic/pgf/basiclayer/pgfcoreexternal.code.tex"
File: pgfcoreexternal.code.tex 2020/12/27 v3.1.8b (3.1.8b)
\pgfexternal@startupbox=\box53
)) ("C:/Program Files/MiKTeX/tex/generic/pgf/basiclayer/pgfcorelayers.code.tex"
File: pgfcorelayers.code.tex 2020/12/27 v3.1.8b (3.1.8b)
)
("C:/Program Files/MiKTeX/tex/generic/pgf/basiclayer/pgfcoretransparency.code.t
ex"
File: pgfcoretransparency.code.tex 2020/12/27 v3.1.8b (3.1.8b)
)
("C:/Program Files/MiKTeX/tex/generic/pgf/basiclayer/pgfcorepatterns.code.tex"
File: pgfcorepatterns.code.tex 2020/12/27 v3.1.8b (3.1.8b)
) ("C:/Program Files/MiKTeX/tex/generic/pgf/basiclayer/pgfcorerdf.code.tex"
File: pgfcorerdf.code.tex 2020/12/27 v3.1.8b (3.1.8b)
)))
("C:/Program Files/MiKTeX/tex/generic/pgf/modules/pgfmoduleshapes.code.tex"
File: pgfmoduleshapes.code.tex 2020/12/27 v3.1.8b (3.1.8b)
\pgfnodeparttextbox=\box54
)
("C:/Program Files/MiKTeX/tex/generic/pgf/modules/pgfmoduleplot.code.tex"
File: pgfmoduleplot.code.tex 2020/12/27 v3.1.8b (3.1.8b)
)
("C:/Program Files/MiKTeX/tex/latex/pgf/compatibility/pgfcomp-version-0-65.sty"
Package: pgfcomp-version-0-65 2020/12/27 v3.1.8b (3.1.8b)
\pgf@nodesepstart=\dimen193
\pgf@nodesepend=\dimen194
) ("C:/Program Files/MiKTeX/tex/latex/pgf/compatibility/pgfcomp-version-1-18.st
y"
Package: pgfcomp-version-1-18 2020/12/27 v3.1.8b (3.1.8b)
)) ("C:/Program Files/MiKTeX/tex/latex/tcolorbox/tcolorbox.sty"
Package: tcolorbox 2020/10/09 version 4.42 text color boxes

("C:/Program Files/MiKTeX/tex/latex/latex-tools/verbatim.sty"
Package: verbatim 2020-07-07 v1.5u LaTeX2e package for verbatim enhancements
\every@verbatim=\toks30
\verbatim@line=\toks31
\verbatim@in@stream=\read4
)
("C:/Program Files/MiKTeX/tex/latex/environ/environ.sty"
Package: environ 2014/05/04 v0.3 A new way to define environments

("C:/Program Files/MiKTeX/tex/latex/trimspaces/trimspaces.sty"
Package: trimspaces 2009/09/17 v1.1 Trim spaces around a token list
)
\@envbody=\toks32
)
("C:/Program Files/MiKTeX/tex/latex/etoolbox/etoolbox.sty"
Package: etoolbox 2020/10/05 v2.5k e-TeX tools for LaTeX (JAW)
\etb@tempcnta=\count278
)
\tcb@titlebox=\box55
\tcb@upperbox=\box56
\tcb@lowerbox=\box57
\tcb@phantombox=\box58
\c@tcbbreakpart=\count279
\c@tcblayer=\count280
\c@tcolorbox@number=\count281
\tcb@temp=\box59
\tcb@temp=\box60
\tcb@temp=\box61
\tcb@temp=\box62
\tcb@out=\write5
\tcb@record@out=\write6

("C:/Program Files/MiKTeX/tex/latex/tcolorbox/tcbskins.code.tex"
Library (tcolorbox): 'tcbskins.code.tex' version '4.42'
("C:/Program Files/MiKTeX/tex/latex/pgf/frontendlayer/tikz.sty"
("C:/Program Files/MiKTeX/tex/latex/pgf/utilities/pgffor.sty"
("C:/Program Files/MiKTeX/tex/latex/pgf/utilities/pgfkeys.sty"
("C:/Program Files/MiKTeX/tex/generic/pgf/utilities/pgfkeys.code.tex"))
("C:/Program Files/MiKTeX/tex/latex/pgf/math/pgfmath.sty"
("C:/Program Files/MiKTeX/tex/generic/pgf/math/pgfmath.code.tex"))
("C:/Program Files/MiKTeX/tex/generic/pgf/utilities/pgffor.code.tex"
Package: pgffor 2020/12/27 v3.1.8b (3.1.8b)

("C:/Program Files/MiKTeX/tex/generic/pgf/math/pgfmath.code.tex")
\pgffor@iter=\dimen195
\pgffor@skip=\dimen196
\pgffor@stack=\toks33
\pgffor@toks=\toks34
))
("C:/Program Files/MiKTeX/tex/generic/pgf/frontendlayer/tikz/tikz.code.tex"
Package: tikz 2020/12/27 v3.1.8b (3.1.8b)

("C:/Program Files/MiKTeX/tex/generic/pgf/libraries/pgflibraryplothandlers.code
.tex"
File: pgflibraryplothandlers.code.tex 2020/12/27 v3.1.8b (3.1.8b)
\pgf@plot@mark@count=\count282
\pgfplotmarksize=\dimen197
)
\tikz@lastx=\dimen198
\tikz@lasty=\dimen199
\tikz@lastxsaved=\dimen256
\tikz@lastysaved=\dimen257
\tikz@lastmovetox=\dimen258
\tikz@lastmovetoy=\dimen259
\tikzleveldistance=\dimen260
\tikzsiblingdistance=\dimen261
\tikz@figbox=\box63
\tikz@figbox@bg=\box64
\tikz@tempbox=\box65
\tikz@tempbox@bg=\box66
\tikztreelevel=\count283
\tikznumberofchildren=\count284
\tikznumberofcurrentchild=\count285
\tikz@fig@count=\count286

("C:/Program Files/MiKTeX/tex/generic/pgf/modules/pgfmodulematrix.code.tex"
File: pgfmodulematrix.code.tex 2020/12/27 v3.1.8b (3.1.8b)
\pgfmatrixcurrentrow=\count287
\pgfmatrixcurrentcolumn=\count288
\pgf@matrix@numberofcolumns=\count289
)
\tikz@expandcount=\count290

("C:/Program Files/MiKTeX/tex/generic/pgf/frontendlayer/tikz/libraries/tikzlibr
arytopaths.code.tex"
File: tikzlibrarytopaths.code.tex 2020/12/27 v3.1.8b (3.1.8b)
)))
\tcb@waterbox=\box67

("C:/Program Files/MiKTeX/tex/latex/tcolorbox/tcbskinsjigsaw.code.tex"
Library (tcolorbox): 'tcbskinsjigsaw.code.tex' version '4.42'
)))
(C:/Users/impishwhite/AppData/Roaming/MiKTeX/tex/latex/enumitem/enumitem.sty
Package: enumitem 2019/06/20 v3.9 Customized lists
\labelindent=\skip48
\enit@outerparindent=\dimen262
\enit@toks=\toks35
\enit@inbox=\box68
\enit@count@id=\count291

! Undefined control sequence.
<argument> \scriptsize 
            
l.1084 \SetEnumitemSize{script}\scriptsize
                                        
The control sequence at the end of the top line
of your error message was never \def'ed. If you have
misspelled it (e.g., `\hobx'), type `I' and the correct
spelling (e.g., `I\hbox'). Otherwise just continue,
and I'll forget about whatever was undefined.

! Undefined control sequence.
<argument> \tiny 
      
l.1085 \SetEnumitemSize{tiny}\tiny
                                
The control sequence at the end of the top line
of your error message was never \def'ed. If you have
misspelled it (e.g., `\hobx'), type `I' and the correct
spelling (e.g., `I\hbox'). Otherwise just continue,
and I'll forget about whatever was undefined.

! Undefined control sequence.
<argument> \footnotesize 
              
l.1086 \SetEnumitemSize{footnote}\footnotesize
                                            
The control sequence at the end of the top line
of your error message was never \def'ed. If you have
misspelled it (e.g., `\hobx'), type `I' and the correct
spelling (e.g., `I\hbox'). Otherwise just continue,
and I'll forget about whatever was undefined.

! Undefined control sequence.
<argument> \small 
       
l.1087 \SetEnumitemSize{small}\small
                                  
The control sequence at the end of the top line
of your error message was never \def'ed. If you have
misspelled it (e.g., `\hobx'), type `I' and the correct
spelling (e.g., `I\hbox'). Otherwise just continue,
and I'll forget about whatever was undefined.


! LaTeX Error: The font size command \normalsize is not defined:
               there is probably something wrong with the class file.

See the LaTeX manual or LaTeX Companion for explanation.
Type  H <return>  for immediate help.
 ...                                              
                                                  
l.1088 \SetEnumitemSize{normal}\normalsize
                                        
Your command was ignored.
Type  I <command> <return>  to replace it with another command,
or  <return>  to continue without it.

! Undefined control sequence.
<argument> \large 
       
l.1089 \SetEnumitemSize{large}\large
                                  
The control sequence at the end of the top line
of your error message was never \def'ed. If you have
misspelled it (e.g., `\hobx'), type `I' and the correct
spelling (e.g., `I\hbox'). Otherwise just continue,
and I'll forget about whatever was undefined.

! Undefined control sequence.
<argument> \Large 
       
l.1090 \SetEnumitemSize{Large}\Large
                                  
The control sequence at the end of the top line
of your error message was never \def'ed. If you have
misspelled it (e.g., `\hobx'), type `I' and the correct
spelling (e.g., `I\hbox'). Otherwise just continue,
and I'll forget about whatever was undefined.

! Undefined control sequence.
<argument> \LARGE 
       
l.1091 \SetEnumitemSize{LARGE}\LARGE
                                  
The control sequence at the end of the top line
of your error message was never \def'ed. If you have
misspelled it (e.g., `\hobx'), type `I' and the correct
spelling (e.g., `I\hbox'). Otherwise just continue,
and I'll forget about whatever was undefined.

! Undefined control sequence.
<argument> \huge 
      
l.1092 \SetEnumitemSize{huge}\huge
                                
The control sequence at the end of the top line
of your error message was never \def'ed. If you have
misspelled it (e.g., `\hobx'), type `I' and the correct
spelling (e.g., `I\hbox'). Otherwise just continue,
and I'll forget about whatever was undefined.

! Undefined control sequence.
<argument> \Huge 
      
l.1093 \SetEnumitemSize{Huge}\Huge
                                
The control sequence at the end of the top line
of your error message was never \def'ed. If you have
misspelled it (e.g., `\hobx'), type `I' and the correct
spelling (e.g., `I\hbox'). Otherwise just continue,
and I'll forget about whatever was undefined.

\enitdp@description=\count292

! LaTeX Error: Environment description undefined.

See the LaTeX manual or LaTeX Companion for explanation.
Type  H <return>  for immediate help.
 ...                                              
                                                  
l.1833 \renewenvironment{description}
                                   [1][]
Try typing  <return>  to proceed.
If that doesn't work, type  X <return>  to quit.

) (C:/Users/impishwhite/AppData/Roaming/MiKTeX/tex/latex/dashrule/dashrule.sty
Package: dashrule 2013/03/28 v1.3 Dashed rules

(C:/Users/impishwhite/AppData/Roaming/MiKTeX/tex/latex/ifmtarg/ifmtarg.sty
Package: ifmtarg 2018/04/16 v1.2b check for an empty argument
)
\c@hdr@segments=\count293
)
(C:/Users/impishwhite/AppData/Roaming/MiKTeX/tex/latex/multirow/multirow.sty
Package: multirow 2021/01/29 v2.7 Span multiple rows of a table
\multirow@colwidth=\skip49
\multirow@cntb=\count294
\multirow@dima=\skip50
\bigstrutjot=\dimen263
)
("C:/Program Files/MiKTeX/tex/latex/latex-tools/tabularx.sty"
Package: tabularx 2020/01/15 v2.11c `tabularx' package (DPC)

("C:/Program Files/MiKTeX/tex/latex/latex-tools/array.sty"
Package: array 2020/10/01 v2.5c Tabular extension package (FMi)
\col@sep=\dimen264
\ar@mcellbox=\box69
\extrarowheight=\dimen265
\NC@list=\toks36
\extratabsurround=\skip51
\backup@length=\skip52
\ar@cellbox=\box70
)
\TX@col@width=\dimen266
\TX@old@table=\dimen267
\TX@old@col=\dimen268
\TX@target=\dimen269
\TX@delta=\dimen270
\TX@cols=\count295
\TX@ftn=\toks37
)
("C:/Program Files/MiKTeX/tex/latex/biblatex/biblatex.sty"
Package: biblatex 2020/12/31 v3.16 programmable bibliographies (PK/MW)

(C:/Users/impishwhite/AppData/Roaming/MiKTeX/tex/latex/logreq/logreq.sty
Package: logreq 2010/08/04 v1.0 xml request logger
\lrq@indent=\count296

(C:/Users/impishwhite/AppData/Roaming/MiKTeX/tex/latex/logreq/logreq.def
File: logreq.def 2010/08/04 v1.0 logreq spec v1.0
))
\c@tabx@nest=\count297
\c@listtotal=\count298
\c@listcount=\count299
\c@liststart=\count300
\c@liststop=\count301
\c@citecount=\count302
\c@citetotal=\count303
\c@multicitecount=\count304
\c@multicitetotal=\count305
\c@instcount=\count306
\c@maxnames=\count307
\c@minnames=\count308
\c@maxitems=\count309
\c@minitems=\count310
\c@citecounter=\count311
\c@maxcitecounter=\count312
\c@savedcitecounter=\count313
\c@uniquelist=\count314
\c@uniquename=\count315
\c@refsection=\count316
\c@refsegment=\count317
\c@maxextratitle=\count318
\c@maxextratitleyear=\count319
\c@maxextraname=\count320
\c@maxextradate=\count321
\c@maxextraalpha=\count322
\c@abbrvpenalty=\count323
\c@highnamepenalty=\count324
\c@lownamepenalty=\count325
\c@maxparens=\count326
\c@parenlevel=\count327
\blx@tempcnta=\count328
\blx@tempcntb=\count329
\blx@tempcntc=\count330
\blx@maxsection=\count331
\blx@maxsegment@0=\count332
\blx@notetype=\count333
\blx@parenlevel@text=\count334
\blx@parenlevel@foot=\count335
\blx@sectionciteorder@0=\count336
\blx@entrysetcounter=\count337
\blx@biblioinstance=\count338
\labelnumberwidth=\skip53
\labelalphawidth=\skip54
\biblabelsep=\skip55
\bibitemsep=\skip56
\bibnamesep=\skip57
\bibinitsep=\skip58
\bibparsep=\skip59
\bibhang=\skip60
\blx@bcfin=\read5
\blx@bcfout=\write7
\blx@langwohyphens=\language2
\c@mincomprange=\count339
\c@maxcomprange=\count340
\c@mincompwidth=\count341
Package biblatex Info: Trying to load biblatex default data model...
Package biblatex Info: ... file 'blx-dm.def' found.

("C:/Program Files/MiKTeX/tex/latex/biblatex/blx-dm.def"
File: blx-dm.def 2020/12/31 v3.16 biblatex localization (PK/MW)
)
Package biblatex Info: Trying to load biblatex style data model...
Package biblatex Info: ... file 'authoryear.dbx' not found.
Package biblatex Info: Trying to load biblatex custom data model...
Package biblatex Info: ... file 'biblatex-dm.cfg' not found.
\c@afterword=\count342
\c@savedafterword=\count343
\c@annotator=\count344
\c@savedannotator=\count345
\c@author=\count346
\c@savedauthor=\count347
\c@bookauthor=\count348
\c@savedbookauthor=\count349
\c@commentator=\count350
\c@savedcommentator=\count351
\c@editor=\count352
\c@savededitor=\count353
\c@editora=\count354
\c@savededitora=\count355
\c@editorb=\count356
\c@savededitorb=\count357
\c@editorc=\count358
\c@savededitorc=\count359
\c@foreword=\count360
\c@savedforeword=\count361
\c@holder=\count362
\c@savedholder=\count363
\c@introduction=\count364
\c@savedintroduction=\count365
\c@namea=\count366
\c@savednamea=\count367
\c@nameb=\count368
\c@savednameb=\count369
\c@namec=\count370
\c@savednamec=\count371
\c@translator=\count372
\c@savedtranslator=\count373
\c@shortauthor=\count374
\c@savedshortauthor=\count375
\c@shorteditor=\count376
\c@savedshorteditor=\count377
\c@labelname=\count378
\c@savedlabelname=\count379
\c@institution=\count380
\c@savedinstitution=\count381
\c@lista=\count382
\c@savedlista=\count383
\c@listb=\count384
\c@savedlistb=\count385
\c@listc=\count386
\c@savedlistc=\count387
\c@listd=\count388
\c@savedlistd=\count389
\c@liste=\count390
\c@savedliste=\count391
\c@listf=\count392
\c@savedlistf=\count393
\c@location=\count394
\c@savedlocation=\count395
\c@organization=\count396
\c@savedorganization=\count397
\c@origlocation=\count398
\c@savedoriglocation=\count399
\c@origpublisher=\count400
\c@savedorigpublisher=\count401
\c@publisher=\count402
\c@savedpublisher=\count403
\c@language=\count404
\c@savedlanguage=\count405
\c@origlanguage=\count406
\c@savedoriglanguage=\count407
\c@pageref=\count408
\c@savedpageref=\count409
\shorthandwidth=\skip61
\shortjournalwidth=\skip62
\shortserieswidth=\skip63
\shorttitlewidth=\skip64
\shortauthorwidth=\skip65
\shorteditorwidth=\skip66
\locallabelnumberwidth=\skip67
\locallabelalphawidth=\skip68
\localshorthandwidth=\skip69
\localshortjournalwidth=\skip70
\localshortserieswidth=\skip71
\localshorttitlewidth=\skip72
\localshortauthorwidth=\skip73
\localshorteditorwidth=\skip74
Package biblatex Info: Trying to load enhanced support for Unicode engines...
Package biblatex Info: ... file 'blx-unicode.def' found.

("C:/Program Files/MiKTeX/tex/latex/biblatex/blx-unicode.def")
Package biblatex Info: Trying to load compatibility code...
Package biblatex Info: ... file 'blx-compat.def' found.

("C:/Program Files/MiKTeX/tex/latex/biblatex/blx-compat.def"
File: blx-compat.def 2020/12/31 v3.16 biblatex compatibility (PK/MW)
)
Package biblatex Info: Trying to load generic definitions...
Package biblatex Info: ... file 'biblatex.def' found.

("C:/Program Files/MiKTeX/tex/latex/biblatex/biblatex.def"
File: biblatex.def 2020/12/31 v3.16 biblatex compatibility (PK/MW)
\c@textcitecount=\count410
\c@textcitetotal=\count411
\c@textcitemaxnames=\count412
\c@biburlbigbreakpenalty=\count413
\c@biburlbreakpenalty=\count414
\c@biburlnumpenalty=\count415
\c@biburlucpenalty=\count416
\c@biburllcpenalty=\count417
\biburlbigskip=\muskip17
\biburlnumskip=\muskip18
\biburlucskip=\muskip19
\biburllcskip=\muskip20
\c@smartand=\count418
)
Package biblatex Info: Trying to load bibliography style 'authoryear'...
Package biblatex Info: ... file 'authoryear.bbx' found.

("C:/Program Files/MiKTeX/tex/latex/biblatex/bbx/authoryear.bbx"
File: authoryear.bbx 2020/12/31 v3.16 biblatex bibliography style (PK/MW)
Package biblatex Info: Trying to load bibliography style 'standard'...
Package biblatex Info: ... file 'standard.bbx' found.

("C:/Program Files/MiKTeX/tex/latex/biblatex/bbx/standard.bbx"
File: standard.bbx 2020/12/31 v3.16 biblatex bibliography style (PK/MW)
\c@bbx:relatedcount=\count419
\c@bbx:relatedtotal=\count420
))
Package biblatex Info: Trying to load citation style 'authoryear'...
Package biblatex Info: ... file 'authoryear.cbx' found.

("C:/Program Files/MiKTeX/tex/latex/biblatex/cbx/authoryear.cbx"
File: authoryear.cbx 2020/12/31 v3.16 biblatex citation style (PK/MW)
Package biblatex Info: Redefining '\cite'.
Package biblatex Info: Redefining '\parencite'.
Package biblatex Info: Redefining '\footcite'.
Package biblatex Info: Redefining '\footcitetext'.
Package biblatex Info: Redefining '\smartcite'.
Package biblatex Info: Redefining '\textcite'.
Package biblatex Info: Redefining '\textcites'.
)
Package biblatex Info: Trying to load configuration file...
Package biblatex Info: ... file 'biblatex.cfg' found.

("C:/Program Files/MiKTeX/tex/latex/biblatex/biblatex.cfg"
File: biblatex.cfg 
))
(C:/Users/impishwhite/AppData/Roaming/MiKTeX/tex/latex/ulem/ulem.sty
\UL@box=\box71
\UL@hyphenbox=\box72
\UL@skip=\skip75
\UL@hook=\toks38
\UL@height=\dimen271
\UL@pe=\count421
\UL@pixel=\dimen272
\ULC@box=\box73
Package: ulem 2019/11/18
\ULdepth=\dimen273
)
(C:/Users/impishwhite/AppData/Roaming/MiKTeX/tex/latex/layouts/layouts.sty
Package: layouts 2009/09/02 v2.6d graphical depiction of document elements
\l@ylen=\skip76
\layoutsbox=\box74
\l@youtunitlength=\skip77
\l@youtlinethick=\skip78
\l@youtlinethickii=\skip79
\l@ysetupparskip=\skip80
\l@ysetupbaselineskip=\skip81
\l@yonem=\skip82
\l@yonex=\skip83
\l@ylmarg=\skip84
\l@yrmarg=\skip85
\l@yitmindent=\skip86
\l@ylblwidth=\skip87
\l@ylblsep=\skip88
\l@ylparindent=\skip89
\l@ytsep=\skip90
\l@ypskip=\skip91
\l@yptsep=\skip92
\l@ypsep=\skip93
\l@yitmsep=\skip94
\l@ytok=\toks39
\l@youtpw=\count422
\l@youtph=\count423
\l@youthpi=\count424
\l@youthpii=\count425
\l@youthpiii=\count426
\l@youthpiv=\count427
\l@youthpv=\count428
\l@youthpvi=\count429
\l@youthpvii=\count430
\l@youtparskip=\count431
\l@youtvpi=\count432
\l@youtvpii=\count433
\l@youtvpiii=\count434
\l@youtvpiv=\count435
\l@youtvpv=\count436
\l@youtvpvi=\count437
\l@youtvpvii=\count438
\l@youthdo=\count439
\l@youthdi=\count440
\l@youthdii=\count441
\l@youthdiii=\count442
\l@youthdiv=\count443
\l@youthdv=\count444
\l@youthdvi=\count445
\l@youthdvii=\count446
\l@youtvdo=\count447
\l@youtvdi=\count448
\l@youtvdii=\count449
\l@youtvdiii=\count450
\l@youtvdiv=\count451
\l@youtvdv=\count452
\l@youtvdvi=\count453
\l@youtvdvii=\count454
\l@youtvdviii=\count455
\l@youtxci=\count456
\l@youtxcii=\count457
\l@youtxciii=\count458
\l@youtxciv=\count459
\l@youtxcv=\count460
\l@youtxcvi=\count461
\l@youtyci=\count462
\l@youtycii=\count463
\l@youtyciii=\count464
\l@youtyciv=\count465
\l@youtycv=\count466
\l@youtycvi=\count467
\l@youtycvii=\count468
\l@youtycviii=\count469
\l@youtxco=\count470
\l@youtyco=\count471
\l@ytempdima=\skip95
\stockwidth=\skip96
\stockheight=\skip97
\trimedge=\skip98
\trimtop=\skip99
\uppermargin=\skip100
\spinemargin=\skip101
)
(C:/Users/impishwhite/AppData/Roaming/MiKTeX/tex/latex/extsizes/extsizes.sty
Package: extsizes 1996/10/08 v1.0 Non Standard LaTeX Package


Package ExtSizes Warning: It is better to use one of the extsizes classes,
 if you can.

(C:/Users/impishwhite/AppData/Roaming/MiKTeX/tex/latex/extsizes/size8.clo
File: size8.clo 1999/11/11 v1.4a NON-Standard LaTeX file (size option)
))
("C:/Program Files/MiKTeX/tex/latex/latex-tools/multicol.sty"
Package: multicol 2019/12/09 v1.8y multicolumn formatting (FMi)
\c@tracingmulticols=\count472
\mult@box=\box75
\multicol@leftmargin=\dimen274
\c@unbalance=\count473
\c@collectmore=\count474
\doublecol@number=\count475
\multicoltolerance=\count476
\multicolpretolerance=\count477
\full@width=\dimen275
\page@free=\dimen276
\premulticols=\dimen277
\postmulticols=\dimen278
\multicolsep=\skip102
\multicolbaselineskip=\skip103
\partial@page=\box76
\last@line=\box77
\maxbalancingoverflow=\dimen279
\mult@rightbox=\box78
\mult@grightbox=\box79
\mult@gfirstbox=\box80
\mult@firstbox=\box81
\@tempa=\box82
\@tempa=\box83
\@tempa=\box84
\@tempa=\box85
\@tempa=\box86
\@tempa=\box87
\@tempa=\box88
\@tempa=\box89
\@tempa=\box90
\@tempa=\box91
\@tempa=\box92
\@tempa=\box93
\@tempa=\box94
\@tempa=\box95
\@tempa=\box96
\@tempa=\box97
\@tempa=\box98
\@tempa=\box99
\@tempa=\box100
\@tempa=\box101
\@tempa=\box102
\@tempa=\box103
\@tempa=\box104
\@tempa=\box105
\@tempa=\box106
\@tempa=\box107
\@tempa=\box108
\@tempa=\box109
\@tempa=\box110
\@tempa=\box111
\@tempa=\box112
\@tempa=\box113
\@tempa=\box114
\@tempa=\box115
\@tempa=\box116
\@tempa=\box117
\@tempa=\box118
\c@minrows=\count478
\c@columnbadness=\count479
\c@finalcolumnbadness=\count480
\last@try=\dimen280
\multicolovershoot=\dimen281
\multicolundershoot=\dimen282
\mult@nat@firstbox=\box119
\colbreak@box=\box120
\mc@col@check@num=\count481
)
(C:/Users/impishwhite/AppData/Roaming/MiKTeX/tex/latex/silence/silence.sty
Package: silence 2012/07/02 v1.5b Selective filtering of warnings and error mes
sages
\sl@Save=\count482
\sl@StateNumber=\count483
\sl@MessageCount=\count484
\sl@Casualties=\count485
\sl@Filter=\toks40
\sl@Message=\toks41
\sl@UnexpandedMessage=\toks42
\sl@Mess@ge=\toks43
\sl@WarningCount=\count486
\sl@WarningNumber=\count487
\sl@WarningCasualties=\count488
\sl@TempBOW=\toks44
\sl@BankOfWarnings=\toks45
LaTeX Info: Redefining \GenericWarning on input line 433.
\sl@ErrorCount=\count489
\sl@ErrorNumber=\count490
\sl@ErrorCasualties=\count491
\sl@TempBOE=\toks46
\sl@BankOfErrors=\toks47
LaTeX Info: Redefining \GenericError on input line 601.
)
(C:/Users/impishwhite/AppData/Roaming/MiKTeX/tex/latex/extsizes/extarticle.cls
Document Class: extarticle 1996/10/08 v1.0 Non Standard LaTeX document class

! LaTeX Error: Command \@ptsize already defined.
               Or name \end... illegal, see p.192 of the manual.

See the LaTeX manual or LaTeX Companion for explanation.
Type  H <return>  for immediate help.
 ...                                              
                                                  
l.25 \newcommand\@ptsize{}
                        
Your command was ignored.
Type  I <command> <return>  to replace it with another command,
or  <return>  to continue without it.

(C:/Users/impishwhite/AppData/Roaming/MiKTeX/tex/latex/extsizes/size8.clo
File: size8.clo 1999/11/11 v1.4a NON-Standard LaTeX file (size option)


! LaTeX Error: Command \small already defined.
               Or name \end... illegal, see p.192 of the manual.

See the LaTeX manual or LaTeX Companion for explanation.
Type  H <return>  for immediate help.
 ...                                              
                                                  
l.29 }
    
Your command was ignored.
Type  I <command> <return>  to replace it with another command,
or  <return>  to continue without it.


! LaTeX Error: Command \footnotesize already defined.
               Or name \end... illegal, see p.192 of the manual.

See the LaTeX manual or LaTeX Companion for explanation.
Type  H <return>  for immediate help.
 ...                                              
                                                  
l.40 }
    
Your command was ignored.
Type  I <command> <return>  to replace it with another command,
or  <return>  to continue without it.


! LaTeX Error: Command \scriptsize already defined.
               Or name \end... illegal, see p.192 of the manual.

See the LaTeX manual or LaTeX Companion for explanation.
Type  H <return>  for immediate help.
 ...                                              
                                                  
l.41 ...iptsize{\@setfontsize\scriptsize\@vpt\@vipt}
                                                  
Your command was ignored.
Type  I <command> <return>  to replace it with another command,
or  <return>  to continue without it.


! LaTeX Error: Command \tiny already defined.
               Or name \end... illegal, see p.192 of the manual.

See the LaTeX manual or LaTeX Companion for explanation.
Type  H <return>  for immediate help.
 ...                                              
                                                  
l.42 \newcommand\tiny{\@setfontsize\tiny\@vpt\@vipt}
                                                  
Your command was ignored.
Type  I <command> <return>  to replace it with another command,
or  <return>  to continue without it.


! LaTeX Error: Command \large already defined.
               Or name \end... illegal, see p.192 of the manual.

See the LaTeX manual or LaTeX Companion for explanation.
Type  H <return>  for immediate help.
 ...                                              
                                                  
l.43 ...ommand\large{\@setfontsize\large\@xpt\@xipt}
                                                  
Your command was ignored.
Type  I <command> <return>  to replace it with another command,
or  <return>  to continue without it.


! LaTeX Error: Command \Large already defined.
               Or name \end... illegal, see p.192 of the manual.

See the LaTeX manual or LaTeX Companion for explanation.
Type  H <return>  for immediate help.
 ...                                              
                                                  
l.44 ...mand\Large{\@setfontsize\Large\@xipt\@xiipt}
                                                  
Your command was ignored.
Type  I <command> <return>  to replace it with another command,
or  <return>  to continue without it.


! LaTeX Error: Command \LARGE already defined.
               Or name \end... illegal, see p.192 of the manual.

See the LaTeX manual or LaTeX Companion for explanation.
Type  H <return>  for immediate help.
 ...                                              
                                                  
l.45 ...ommand\LARGE{\@setfontsize\LARGE\@xiipt{14}}
                                                  
Your command was ignored.
Type  I <command> <return>  to replace it with another command,
or  <return>  to continue without it.


! LaTeX Error: Command \huge already defined.
               Or name \end... illegal, see p.192 of the manual.

See the LaTeX manual or LaTeX Companion for explanation.
Type  H <return>  for immediate help.
 ...                                              
                                                  
l.46 \newcommand\huge{\@setfontsize\huge\@xivpt{18}}
                                                  
Your command was ignored.
Type  I <command> <return>  to replace it with another command,
or  <return>  to continue without it.


! LaTeX Error: Command \Huge already defined.
               Or name \end... illegal, see p.192 of the manual.

See the LaTeX manual or LaTeX Companion for explanation.
Type  H <return>  for immediate help.
 ...                                              
                                                  
l.47 ...command\Huge{\@setfontsize\Huge\@xviipt{22}}
                                                  
Your command was ignored.
Type  I <command> <return>  to replace it with another command,
or  <return>  to continue without it.

) ("C:/Program Files/MiKTeX/tex/latex/base/exscale.sty"
Package: exscale 2018/09/24 v2.1i Standard LaTeX package exscale
LaTeX Font Info:    Redeclaring symbol font `largesymbols' on input line 57.
LaTeX Font Info:    Overwriting symbol font `largesymbols' in version `normal'
(Font)                  OMX/cmex/m/n --> OMX/cmex/m/n on input line 57.
LaTeX Font Info:    Overwriting symbol font `largesymbols' in version `bold'
(Font)                  OMX/cmex/m/n --> OMX/cmex/m/n on input line 57.
\big@size=\dimen283
)

! LaTeX Error: Command \maketitle already defined.
               Or name \end... illegal, see p.192 of the manual.

See the LaTeX manual or LaTeX Companion for explanation.
Type  H <return>  for immediate help.
 ...                                              
                                                  
l.262 }
     
Your command was ignored.
Type  I <command> <return>  to replace it with another command,
or  <return>  to continue without it.

\c@part=\count492
\c@section=\count493
\c@subsection=\count494
\c@subsubsection=\count495
\c@paragraph=\count496
\c@subparagraph=\count497

! LaTeX Error: Command \description already defined.
               Or name \end... illegal, see p.192 of the manual.

See the LaTeX manual or LaTeX Companion for explanation.
Type  H <return>  for immediate help.
 ...                                              
                                                  
l.388                {\endlist}
                             
Your command was ignored.
Type  I <command> <return>  to replace it with another command,
or  <return>  to continue without it.


! LaTeX Error: Command \descriptionlabel already defined.
               Or name \end... illegal, see p.192 of the manual.

See the LaTeX manual or LaTeX Companion for explanation.
Type  H <return>  for immediate help.
 ...                                              
                                                  
l.390 ...                   \normalfont\bfseries #1}
                                                  
Your command was ignored.
Type  I <command> <return>  to replace it with another command,
or  <return>  to continue without it.

\c@figure=\count498
\c@table=\count499
\abovecaptionskip=\skip104
\belowcaptionskip=\skip105
\bibindent=\dimen284
)
\altacv@photos@width=\skip106
\altacv@photo@diam@left=\skip107
\altacv@photo@diam@right=\skip108
) (C:/Users/impishwhite/AppData/Roaming/MiKTeX/tex/latex/opensans/opensans.sty
Package: opensans 2019/06/20 Style file for Open Sans.
(C:/Users/impishwhite/AppData/Roaming/MiKTeX/tex/latex/fontaxes/fontaxes.sty
Package: fontaxes 2020/07/21 v1.0e Font selection axes
LaTeX Info: Redefining \upshape on input line 29.
LaTeX Info: Redefining \itshape on input line 31.
LaTeX Info: Redefining \slshape on input line 33.
LaTeX Info: Redefining \swshape on input line 35.
LaTeX Info: Redefining \scshape on input line 37.
LaTeX Info: Redefining \sscshape on input line 39.
LaTeX Info: Redefining \ulcshape on input line 41.
LaTeX Info: Redefining \textsw on input line 47.
LaTeX Info: Redefining \textssc on input line 48.
LaTeX Info: Redefining \textulc on input line 49.
)
("C:/Program Files/MiKTeX/tex/latex/xkeyval/xkeyval.sty"
Package: xkeyval 2020/11/20 v2.8 package option processing (HA)

("C:/Program Files/MiKTeX/tex/generic/xkeyval/xkeyval.tex"
("C:/Program Files/MiKTeX/tex/generic/xkeyval/xkvutils.tex"
\XKV@toks=\toks48
\XKV@tempa@toks=\toks49
)
\XKV@depth=\count500
File: xkeyval.tex 2014/12/03 v2.7a key=value parser (HA)
))
luaotfload | aux : font no 31 (nil) does not define feature smcp for script latn
 with language dflt
luaotfload | aux : font no 32 (nil) does not define feature smcp for script latn
 with language dflt
luaotfload | aux : font no 33 (nil) does not define feature smcp for script latn
 with language dflt
luaotfload | aux : font no 34 (nil) does not define feature smcp for script latn
 with language dflt
luaotfload | aux : font no 35 (nil) does not define feature smcp for script latn
 with language dflt
luaotfload | aux : font no 36 (nil) does not define feature smcp for script latn
 with language dflt
luaotfload | aux : font no 37 (nil) does not define feature smcp for script latn
 with language dflt
luaotfload | aux : font no 38 (nil) does not define feature smcp for script latn
 with language dflt
luaotfload | aux : font no 39 (nil) does not define feature smcp for script latn
 with language dflt
luaotfload | aux : font no 40 (nil) does not define feature smcp for script latn
 with language dflt
luaotfload | aux : font no 41 (nil) does not define feature smcp for script latn
 with language dflt
luaotfload | aux : font no 42 (nil) does not define feature smcp for script latn
 with language dflt
luaotfload | aux : font no 43 (nil) does not define feature smcp for script latn
 with language dflt

Package fontspec Info: Font family 'opensans-TLF' created for font 'OpenSans'
(fontspec)             with options
(fontspec)             [Extension=.ttf,Ligatures={TeX,Common},Scale=1,FontFace=
{l}{n}{*-Light},FontFace={l}{it}{*-LightItalic},FontFace={lc}{n}{*Condensed-Lig
ht},FontFace={lc}{it}{*Condensed-LightItalic},UprightFont={*-Regular},ItalicFon
t={*-Italic},FontFace={sb}{n}{*-SemiBold},FontFace={sb}{it}{*-SemiBoldItalic},F
ontFace={b}{n}{*-Bold},FontFace={b}{it}{*-BoldItalic},BoldFont={*-Bold},BoldIta
licFont={*-BoldItalic},FontFace={bc}{n}{*Condensed-Bold},FontFace={eb}{n}{*-Ext
raBold},FontFace={eb}{it}{*-ExtraBoldItalic},Numbers={Monospaced,Lining},NFSSFa
mily=opensans-TLF].
(fontspec)              
(fontspec)              This font family consists of the following NFSS
(fontspec)             series/shapes:
(fontspec)              
(fontspec)             - (l/n) with NFSS spec.:
(fontspec)             <->s*[1]"[OpenSans-Light.ttf]:mode=node;script=latn;lang
uage=dflt;+tlig;+liga;+tnum;+lnum;"
(fontspec)             -  (l/sc) with NFSS spec.: 
(fontspec)             - (l/it) with NFSS spec.:
(fontspec)             <->s*[1]"[OpenSans-LightItalic.ttf]:mode=node;script=lat
n;language=dflt;+tlig;+liga;+tnum;+lnum;"
(fontspec)             -  (l/scit) with NFSS spec.: 
(fontspec)             - (lc/n) with NFSS spec.:
(fontspec)             <->s*[1]"[OpenSansCondensed-Light.ttf]:mode=node;script=
latn;language=dflt;+tlig;+liga;+tnum;+lnum;"
(fontspec)             -  (lc/sc) with NFSS spec.: 
(fontspec)             - (lc/it) with NFSS spec.:
(fontspec)             <->s*[1]"[OpenSansCondensed-LightItalic.ttf]:mode=node;s
cript=latn;language=dflt;+tlig;+liga;+tnum;+lnum;"
(fontspec)             -  (lc/scit) with NFSS spec.: 
(fontspec)             - (sb/n) with NFSS spec.:
(fontspec)             <->s*[1]"[OpenSans-SemiBold.ttf]:mode=node;script=latn;l
anguage=dflt;+tlig;+liga;+tnum;+lnum;"
(fontspec)             -  (sb/sc) with NFSS spec.: 
(fontspec)             - (sb/it) with NFSS spec.:
(fontspec)             <->s*[1]"[OpenSans-SemiBoldItalic.ttf]:mode=node;script=
latn;language=dflt;+tlig;+liga;+tnum;+lnum;"
(fontspec)             -  (sb/scit) with NFSS spec.: 
(fontspec)             - 'bold' (b/n) with NFSS spec.:
(fontspec)             <->s*[1]"[OpenSans-Bold.ttf]:mode=node;script=latn;langu
age=dflt;+tlig;+liga;+tnum;+lnum;"
(fontspec)             - 'bold small caps'  (b/sc) with NFSS spec.: 
(fontspec)             - 'bold italic' (b/it) with NFSS spec.:
(fontspec)             <->s*[1]"[OpenSans-BoldItalic.ttf]:mode=node;script=latn
;language=dflt;+tlig;+liga;+tnum;+lnum;"
(fontspec)             - 'bold italic small caps'  (b/scit) with NFSS spec.: 
(fontspec)             - (bc/n) with NFSS spec.:
(fontspec)             <->s*[1]"[OpenSansCondensed-Bold.ttf]:mode=node;script=l
atn;language=dflt;+tlig;+liga;+tnum;+lnum;"
(fontspec)             -  (bc/sc) with NFSS spec.: 
(fontspec)             - (eb/n) with NFSS spec.:
(fontspec)             <->s*[1]"[OpenSans-ExtraBold.ttf]:mode=node;script=latn;
language=dflt;+tlig;+liga;+tnum;+lnum;"
(fontspec)             -  (eb/sc) with NFSS spec.: 
(fontspec)             - (eb/it) with NFSS spec.:
(fontspec)             <->s*[1]"[OpenSans-ExtraBoldItalic.ttf]:mode=node;script
=latn;language=dflt;+tlig;+liga;+tnum;+lnum;"
(fontspec)             -  (eb/scit) with NFSS spec.: 
(fontspec)             - 'normal' (m/n) with NFSS spec.:
(fontspec)             <->s*[1]"[OpenSans-Regular.ttf]:mode=node;script=latn;la
nguage=dflt;+tlig;+liga;+tnum;+lnum;"
(fontspec)             - 'small caps'  (m/sc) with NFSS spec.: 
(fontspec)             - 'italic' (m/it) with NFSS spec.:
(fontspec)             <->s*[1]"[OpenSans-Italic.ttf]:mode=node;script=latn;lan
guage=dflt;+tlig;+liga;+tnum;+lnum;"
(fontspec)             - 'italic small caps'  (m/scit) with NFSS spec.: 

luaotfload | aux : font no 31 (nil) does not define feature smcp for script latn
 with language dflt
luaotfload | aux : font no 32 (nil) does not define feature smcp for script latn
 with language dflt
luaotfload | aux : font no 33 (nil) does not define feature smcp for script latn
 with language dflt
luaotfload | aux : font no 34 (nil) does not define feature smcp for script latn
 with language dflt
luaotfload | aux : font no 35 (nil) does not define feature smcp for script latn
 with language dflt
luaotfload | aux : font no 36 (nil) does not define feature smcp for script latn
 with language dflt
luaotfload | aux : font no 37 (nil) does not define feature smcp for script latn
 with language dflt
luaotfload | aux : font no 38 (nil) does not define feature smcp for script latn
 with language dflt
luaotfload | aux : font no 39 (nil) does not define feature smcp for script latn
 with language dflt
luaotfload | aux : font no 40 (nil) does not define feature smcp for script latn
 with language dflt
luaotfload | aux : font no 41 (nil) does not define feature smcp for script latn
 with language dflt
luaotfload | aux : font no 42 (nil) does not define feature smcp for script latn
 with language dflt
luaotfload | aux : font no 43 (nil) does not define feature smcp for script latn
 with language dflt

Package fontspec Info: Font family 'opensans-LF' created for font 'OpenSans'
(fontspec)             with options
(fontspec)             [Extension=.ttf,Ligatures={TeX,Common},Scale=1,FontFace=
{l}{n}{*-Light},FontFace={l}{it}{*-LightItalic},FontFace={lc}{n}{*Condensed-Lig
ht},FontFace={lc}{it}{*Condensed-LightItalic},UprightFont={*-Regular},ItalicFon
t={*-Italic},FontFace={sb}{n}{*-SemiBold},FontFace={sb}{it}{*-SemiBoldItalic},F
ontFace={b}{n}{*-Bold},FontFace={b}{it}{*-BoldItalic},BoldFont={*-Bold},BoldIta
licFont={*-BoldItalic},FontFace={bc}{n}{*Condensed-Bold},FontFace={eb}{n}{*-Ext
raBold},FontFace={eb}{it}{*-ExtraBoldItalic},Numbers={Proportional,Lining},NFSS
Family=opensans-LF].
(fontspec)              
(fontspec)              This font family consists of the following NFSS
(fontspec)             series/shapes:
(fontspec)              
(fontspec)             - (l/n) with NFSS spec.:
(fontspec)             <->s*[1]"[OpenSans-Light.ttf]:mode=node;script=latn;lang
uage=dflt;+tlig;+liga;+pnum;+lnum;"
(fontspec)             -  (l/sc) with NFSS spec.: 
(fontspec)             - (l/it) with NFSS spec.:
(fontspec)             <->s*[1]"[OpenSans-LightItalic.ttf]:mode=node;script=lat
n;language=dflt;+tlig;+liga;+pnum;+lnum;"
(fontspec)             -  (l/scit) with NFSS spec.: 
(fontspec)             - (lc/n) with NFSS spec.:
(fontspec)             <->s*[1]"[OpenSansCondensed-Light.ttf]:mode=node;script=
latn;language=dflt;+tlig;+liga;+pnum;+lnum;"
(fontspec)             -  (lc/sc) with NFSS spec.: 
(fontspec)             - (lc/it) with NFSS spec.:
(fontspec)             <->s*[1]"[OpenSansCondensed-LightItalic.ttf]:mode=node;s
cript=latn;language=dflt;+tlig;+liga;+pnum;+lnum;"
(fontspec)             -  (lc/scit) with NFSS spec.: 
(fontspec)             - (sb/n) with NFSS spec.:
(fontspec)             <->s*[1]"[OpenSans-SemiBold.ttf]:mode=node;script=latn;l
anguage=dflt;+tlig;+liga;+pnum;+lnum;"
(fontspec)             -  (sb/sc) with NFSS spec.: 
(fontspec)             - (sb/it) with NFSS spec.:
(fontspec)             <->s*[1]"[OpenSans-SemiBoldItalic.ttf]:mode=node;script=
latn;language=dflt;+tlig;+liga;+pnum;+lnum;"
(fontspec)             -  (sb/scit) with NFSS spec.: 
(fontspec)             - 'bold' (b/n) with NFSS spec.:
(fontspec)             <->s*[1]"[OpenSans-Bold.ttf]:mode=node;script=latn;langu
age=dflt;+tlig;+liga;+pnum;+lnum;"
(fontspec)             - 'bold small caps'  (b/sc) with NFSS spec.: 
(fontspec)             - 'bold italic' (b/it) with NFSS spec.:
(fontspec)             <->s*[1]"[OpenSans-BoldItalic.ttf]:mode=node;script=latn
;language=dflt;+tlig;+liga;+pnum;+lnum;"
(fontspec)             - 'bold italic small caps'  (b/scit) with NFSS spec.: 
(fontspec)             - (bc/n) with NFSS spec.:
(fontspec)             <->s*[1]"[OpenSansCondensed-Bold.ttf]:mode=node;script=l
atn;language=dflt;+tlig;+liga;+pnum;+lnum;"
(fontspec)             -  (bc/sc) with NFSS spec.: 
(fontspec)             - (eb/n) with NFSS spec.:
(fontspec)             <->s*[1]"[OpenSans-ExtraBold.ttf]:mode=node;script=latn;
language=dflt;+tlig;+liga;+pnum;+lnum;"
(fontspec)             -  (eb/sc) with NFSS spec.: 
(fontspec)             - (eb/it) with NFSS spec.:
(fontspec)             <->s*[1]"[OpenSans-ExtraBoldItalic.ttf]:mode=node;script
=latn;language=dflt;+tlig;+liga;+pnum;+lnum;"
(fontspec)             -  (eb/scit) with NFSS spec.: 
(fontspec)             - 'normal' (m/n) with NFSS spec.:
(fontspec)             <->s*[1]"[OpenSans-Regular.ttf]:mode=node;script=latn;la
nguage=dflt;+tlig;+liga;+pnum;+lnum;"
(fontspec)             - 'small caps'  (m/sc) with NFSS spec.: 
(fontspec)             - 'italic' (m/it) with NFSS spec.:
(fontspec)             <->s*[1]"[OpenSans-Italic.ttf]:mode=node;script=latn;lan
guage=dflt;+tlig;+liga;+pnum;+lnum;"
(fontspec)             - 'italic small caps'  (m/scit) with NFSS spec.: 

luaotfload | aux : font no 31 (nil) does not define feature smcp for script latn
 with language dflt
luaotfload | aux : font no 32 (nil) does not define feature smcp for script latn
 with language dflt
luaotfload | aux : font no 33 (nil) does not define feature smcp for script latn
 with language dflt
luaotfload | aux : font no 34 (nil) does not define feature smcp for script latn
 with language dflt
luaotfload | aux : font no 35 (nil) does not define feature smcp for script latn
 with language dflt
luaotfload | aux : font no 36 (nil) does not define feature smcp for script latn
 with language dflt
luaotfload | aux : font no 37 (nil) does not define feature smcp for script latn
 with language dflt
luaotfload | aux : font no 38 (nil) does not define feature smcp for script latn
 with language dflt
luaotfload | aux : font no 39 (nil) does not define feature smcp for script latn
 with language dflt
luaotfload | aux : font no 40 (nil) does not define feature smcp for script latn
 with language dflt
luaotfload | aux : font no 41 (nil) does not define feature smcp for script latn
 with language dflt
luaotfload | aux : font no 42 (nil) does not define feature smcp for script latn
 with language dflt
luaotfload | aux : font no 43 (nil) does not define feature smcp for script latn
 with language dflt

Package fontspec Info: Font family 'opensans-TOsF' created for font 'OpenSans'
(fontspec)             with options
(fontspec)             [Extension=.ttf,Ligatures={TeX,Common},Scale=1,FontFace=
{l}{n}{*-Light},FontFace={l}{it}{*-LightItalic},FontFace={lc}{n}{*Condensed-Lig
ht},FontFace={lc}{it}{*Condensed-LightItalic},UprightFont={*-Regular},ItalicFon
t={*-Italic},FontFace={sb}{n}{*-SemiBold},FontFace={sb}{it}{*-SemiBoldItalic},F
ontFace={b}{n}{*-Bold},FontFace={b}{it}{*-BoldItalic},BoldFont={*-Bold},BoldIta
licFont={*-BoldItalic},FontFace={bc}{n}{*Condensed-Bold},FontFace={eb}{n}{*-Ext
raBold},FontFace={eb}{it}{*-ExtraBoldItalic},Numbers={Monospaced,OldStyle},NFSS
Family=opensans-TOsF].
(fontspec)              
(fontspec)              This font family consists of the following NFSS
(fontspec)             series/shapes:
(fontspec)              
(fontspec)             - (l/n) with NFSS spec.:
(fontspec)             <->s*[1]"[OpenSans-Light.ttf]:mode=node;script=latn;lang
uage=dflt;+tlig;+liga;+tnum;+onum;"
(fontspec)             -  (l/sc) with NFSS spec.: 
(fontspec)             - (l/it) with NFSS spec.:
(fontspec)             <->s*[1]"[OpenSans-LightItalic.ttf]:mode=node;script=lat
n;language=dflt;+tlig;+liga;+tnum;+onum;"
(fontspec)             -  (l/scit) with NFSS spec.: 
(fontspec)             - (lc/n) with NFSS spec.:
(fontspec)             <->s*[1]"[OpenSansCondensed-Light.ttf]:mode=node;script=
latn;language=dflt;+tlig;+liga;+tnum;+onum;"
(fontspec)             -  (lc/sc) with NFSS spec.: 
(fontspec)             - (lc/it) with NFSS spec.:
(fontspec)             <->s*[1]"[OpenSansCondensed-LightItalic.ttf]:mode=node;s
cript=latn;language=dflt;+tlig;+liga;+tnum;+onum;"
(fontspec)             -  (lc/scit) with NFSS spec.: 
(fontspec)             - (sb/n) with NFSS spec.:
(fontspec)             <->s*[1]"[OpenSans-SemiBold.ttf]:mode=node;script=latn;l
anguage=dflt;+tlig;+liga;+tnum;+onum;"
(fontspec)             -  (sb/sc) with NFSS spec.: 
(fontspec)             - (sb/it) with NFSS spec.:
(fontspec)             <->s*[1]"[OpenSans-SemiBoldItalic.ttf]:mode=node;script=
latn;language=dflt;+tlig;+liga;+tnum;+onum;"
(fontspec)             -  (sb/scit) with NFSS spec.: 
(fontspec)             - 'bold' (b/n) with NFSS spec.:
(fontspec)             <->s*[1]"[OpenSans-Bold.ttf]:mode=node;script=latn;langu
age=dflt;+tlig;+liga;+tnum;+onum;"
(fontspec)             - 'bold small caps'  (b/sc) with NFSS spec.: 
(fontspec)             - 'bold italic' (b/it) with NFSS spec.:
(fontspec)             <->s*[1]"[OpenSans-BoldItalic.ttf]:mode=node;script=latn
;language=dflt;+tlig;+liga;+tnum;+onum;"
(fontspec)             - 'bold italic small caps'  (b/scit) with NFSS spec.: 
(fontspec)             - (bc/n) with NFSS spec.:
(fontspec)             <->s*[1]"[OpenSansCondensed-Bold.ttf]:mode=node;script=l
atn;language=dflt;+tlig;+liga;+tnum;+onum;"
(fontspec)             -  (bc/sc) with NFSS spec.: 
(fontspec)             - (eb/n) with NFSS spec.:
(fontspec)             <->s*[1]"[OpenSans-ExtraBold.ttf]:mode=node;script=latn;
language=dflt;+tlig;+liga;+tnum;+onum;"
(fontspec)             -  (eb/sc) with NFSS spec.: 
(fontspec)             - (eb/it) with NFSS spec.:
(fontspec)             <->s*[1]"[OpenSans-ExtraBoldItalic.ttf]:mode=node;script
=latn;language=dflt;+tlig;+liga;+tnum;+onum;"
(fontspec)             -  (eb/scit) with NFSS spec.: 
(fontspec)             - 'normal' (m/n) with NFSS spec.:
(fontspec)             <->s*[1]"[OpenSans-Regular.ttf]:mode=node;script=latn;la
nguage=dflt;+tlig;+liga;+tnum;+onum;"
(fontspec)             - 'small caps'  (m/sc) with NFSS spec.: 
(fontspec)             - 'italic' (m/it) with NFSS spec.:
(fontspec)             <->s*[1]"[OpenSans-Italic.ttf]:mode=node;script=latn;lan
guage=dflt;+tlig;+liga;+tnum;+onum;"
(fontspec)             - 'italic small caps'  (m/scit) with NFSS spec.: 

luaotfload | aux : font no 31 (nil) does not define feature smcp for script latn
 with language dflt
luaotfload | aux : font no 32 (nil) does not define feature smcp for script latn
 with language dflt
luaotfload | aux : font no 33 (nil) does not define feature smcp for script latn
 with language dflt
luaotfload | aux : font no 34 (nil) does not define feature smcp for script latn
 with language dflt
luaotfload | aux : font no 35 (nil) does not define feature smcp for script latn
 with language dflt
luaotfload | aux : font no 36 (nil) does not define feature smcp for script latn
 with language dflt
luaotfload | aux : font no 37 (nil) does not define feature smcp for script latn
 with language dflt
luaotfload | aux : font no 38 (nil) does not define feature smcp for script latn
 with language dflt
luaotfload | aux : font no 39 (nil) does not define feature smcp for script latn
 with language dflt
luaotfload | aux : font no 40 (nil) does not define feature smcp for script latn
 with language dflt
luaotfload | aux : font no 41 (nil) does not define feature smcp for script latn
 with language dflt
luaotfload | aux : font no 42 (nil) does not define feature smcp for script latn
 with language dflt
luaotfload | aux : font no 43 (nil) does not define feature smcp for script latn
 with language dflt

Package fontspec Info: Font family 'opensans-OsF' created for font 'OpenSans'
(fontspec)             with options
(fontspec)             [Extension=.ttf,Ligatures={TeX,Common},Scale=1,FontFace=
{l}{n}{*-Light},FontFace={l}{it}{*-LightItalic},FontFace={lc}{n}{*Condensed-Lig
ht},FontFace={lc}{it}{*Condensed-LightItalic},UprightFont={*-Regular},ItalicFon
t={*-Italic},FontFace={sb}{n}{*-SemiBold},FontFace={sb}{it}{*-SemiBoldItalic},F
ontFace={b}{n}{*-Bold},FontFace={b}{it}{*-BoldItalic},BoldFont={*-Bold},BoldIta
licFont={*-BoldItalic},FontFace={bc}{n}{*Condensed-Bold},FontFace={eb}{n}{*-Ext
raBold},FontFace={eb}{it}{*-ExtraBoldItalic},Numbers={Proportional,OldStyle},NF
SSFamily=opensans-OsF].
(fontspec)              
(fontspec)              This font family consists of the following NFSS
(fontspec)             series/shapes:
(fontspec)              
(fontspec)             - (l/n) with NFSS spec.:
(fontspec)             <->s*[1]"[OpenSans-Light.ttf]:mode=node;script=latn;lang
uage=dflt;+tlig;+liga;+pnum;+onum;"
(fontspec)             -  (l/sc) with NFSS spec.: 
(fontspec)             - (l/it) with NFSS spec.:
(fontspec)             <->s*[1]"[OpenSans-LightItalic.ttf]:mode=node;script=lat
n;language=dflt;+tlig;+liga;+pnum;+onum;"
(fontspec)             -  (l/scit) with NFSS spec.: 
(fontspec)             - (lc/n) with NFSS spec.:
(fontspec)             <->s*[1]"[OpenSansCondensed-Light.ttf]:mode=node;script=
latn;language=dflt;+tlig;+liga;+pnum;+onum;"
(fontspec)             -  (lc/sc) with NFSS spec.: 
(fontspec)             - (lc/it) with NFSS spec.:
(fontspec)             <->s*[1]"[OpenSansCondensed-LightItalic.ttf]:mode=node;s
cript=latn;language=dflt;+tlig;+liga;+pnum;+onum;"
(fontspec)             -  (lc/scit) with NFSS spec.: 
(fontspec)             - (sb/n) with NFSS spec.:
(fontspec)             <->s*[1]"[OpenSans-SemiBold.ttf]:mode=node;script=latn;l
anguage=dflt;+tlig;+liga;+pnum;+onum;"
(fontspec)             -  (sb/sc) with NFSS spec.: 
(fontspec)             - (sb/it) with NFSS spec.:
(fontspec)             <->s*[1]"[OpenSans-SemiBoldItalic.ttf]:mode=node;script=
latn;language=dflt;+tlig;+liga;+pnum;+onum;"
(fontspec)             -  (sb/scit) with NFSS spec.: 
(fontspec)             - 'bold' (b/n) with NFSS spec.:
(fontspec)             <->s*[1]"[OpenSans-Bold.ttf]:mode=node;script=latn;langu
age=dflt;+tlig;+liga;+pnum;+onum;"
(fontspec)             - 'bold small caps'  (b/sc) with NFSS spec.: 
(fontspec)             - 'bold italic' (b/it) with NFSS spec.:
(fontspec)             <->s*[1]"[OpenSans-BoldItalic.ttf]:mode=node;script=latn
;language=dflt;+tlig;+liga;+pnum;+onum;"
(fontspec)             - 'bold italic small caps'  (b/scit) with NFSS spec.: 
(fontspec)             - (bc/n) with NFSS spec.:
(fontspec)             <->s*[1]"[OpenSansCondensed-Bold.ttf]:mode=node;script=l
atn;language=dflt;+tlig;+liga;+pnum;+onum;"
(fontspec)             -  (bc/sc) with NFSS spec.: 
(fontspec)             - (eb/n) with NFSS spec.:
(fontspec)             <->s*[1]"[OpenSans-ExtraBold.ttf]:mode=node;script=latn;
language=dflt;+tlig;+liga;+pnum;+onum;"
(fontspec)             -  (eb/sc) with NFSS spec.: 
(fontspec)             - (eb/it) with NFSS spec.:
(fontspec)             <->s*[1]"[OpenSans-ExtraBoldItalic.ttf]:mode=node;script
=latn;language=dflt;+tlig;+liga;+pnum;+onum;"
(fontspec)             -  (eb/scit) with NFSS spec.: 
(fontspec)             - 'normal' (m/n) with NFSS spec.:
(fontspec)             <->s*[1]"[OpenSans-Regular.ttf]:mode=node;script=latn;la
nguage=dflt;+tlig;+liga;+pnum;+onum;"
(fontspec)             - 'small caps'  (m/sc) with NFSS spec.: 
(fontspec)             - 'italic' (m/it) with NFSS spec.:
(fontspec)             <->s*[1]"[OpenSans-Italic.ttf]:mode=node;script=latn;lan
guage=dflt;+tlig;+liga;+pnum;+onum;"
(fontspec)             - 'italic small caps'  (m/scit) with NFSS spec.: 

luaotfload | aux : font no 31 (nil) does not define feature smcp for script latn
 with language dflt
luaotfload | aux : font no 32 (nil) does not define feature smcp for script latn
 with language dflt
luaotfload | aux : font no 33 (nil) does not define feature smcp for script latn
 with language dflt
luaotfload | aux : font no 34 (nil) does not define feature smcp for script latn
 with language dflt
luaotfload | aux : font no 35 (nil) does not define feature smcp for script latn
 with language dflt
luaotfload | aux : font no 36 (nil) does not define feature smcp for script latn
 with language dflt
luaotfload | aux : font no 37 (nil) does not define feature smcp for script latn
 with language dflt
luaotfload | aux : font no 38 (nil) does not define feature smcp for script latn
 with language dflt
luaotfload | aux : font no 39 (nil) does not define feature smcp for script latn
 with language dflt
luaotfload | aux : font no 40 (nil) does not define feature smcp for script latn
 with language dflt
luaotfload | aux : font no 41 (nil) does not define feature smcp for script latn
 with language dflt
luaotfload | aux : font no 42 (nil) does not define feature smcp for script latn
 with language dflt
luaotfload | aux : font no 43 (nil) does not define feature smcp for script latn
 with language dflt

Package fontspec Info: Font family 'fos' created for font 'OpenSans' with
(fontspec)             options
(fontspec)             [Extension=.ttf,Ligatures={TeX,Common},Scale=1,FontFace=
{l}{n}{*-Light},FontFace={l}{it}{*-LightItalic},FontFace={lc}{n}{*Condensed-Lig
ht},FontFace={lc}{it}{*Condensed-LightItalic},UprightFont={*-Regular},ItalicFon
t={*-Italic},FontFace={sb}{n}{*-SemiBold},FontFace={sb}{it}{*-SemiBoldItalic},F
ontFace={b}{n}{*-Bold},FontFace={b}{it}{*-BoldItalic},BoldFont={*-Bold},BoldIta
licFont={*-BoldItalic},FontFace={bc}{n}{*Condensed-Bold},FontFace={eb}{n}{*-Ext
raBold},FontFace={eb}{it}{*-ExtraBoldItalic},Numbers={Monospaced,Lining},NFSSFa
mily=fos].
(fontspec)              
(fontspec)              This font family consists of the following NFSS
(fontspec)             series/shapes:
(fontspec)              
(fontspec)             - (l/n) with NFSS spec.:
(fontspec)             <->s*[1]"[OpenSans-Light.ttf]:mode=node;script=latn;lang
uage=dflt;+tlig;+liga;+tnum;+lnum;"
(fontspec)             -  (l/sc) with NFSS spec.: 
(fontspec)             - (l/it) with NFSS spec.:
(fontspec)             <->s*[1]"[OpenSans-LightItalic.ttf]:mode=node;script=lat
n;language=dflt;+tlig;+liga;+tnum;+lnum;"
(fontspec)             -  (l/scit) with NFSS spec.: 
(fontspec)             - (lc/n) with NFSS spec.:
(fontspec)             <->s*[1]"[OpenSansCondensed-Light.ttf]:mode=node;script=
latn;language=dflt;+tlig;+liga;+tnum;+lnum;"
(fontspec)             -  (lc/sc) with NFSS spec.: 
(fontspec)             - (lc/it) with NFSS spec.:
(fontspec)             <->s*[1]"[OpenSansCondensed-LightItalic.ttf]:mode=node;s
cript=latn;language=dflt;+tlig;+liga;+tnum;+lnum;"
(fontspec)             -  (lc/scit) with NFSS spec.: 
(fontspec)             - (sb/n) with NFSS spec.:
(fontspec)             <->s*[1]"[OpenSans-SemiBold.ttf]:mode=node;script=latn;l
anguage=dflt;+tlig;+liga;+tnum;+lnum;"
(fontspec)             -  (sb/sc) with NFSS spec.: 
(fontspec)             - (sb/it) with NFSS spec.:
(fontspec)             <->s*[1]"[OpenSans-SemiBoldItalic.ttf]:mode=node;script=
latn;language=dflt;+tlig;+liga;+tnum;+lnum;"
(fontspec)             -  (sb/scit) with NFSS spec.: 
(fontspec)             - 'bold' (b/n) with NFSS spec.:
(fontspec)             <->s*[1]"[OpenSans-Bold.ttf]:mode=node;script=latn;langu
age=dflt;+tlig;+liga;+tnum;+lnum;"
(fontspec)             - 'bold small caps'  (b/sc) with NFSS spec.: 
(fontspec)             - 'bold italic' (b/it) with NFSS spec.:
(fontspec)             <->s*[1]"[OpenSans-BoldItalic.ttf]:mode=node;script=latn
;language=dflt;+tlig;+liga;+tnum;+lnum;"
(fontspec)             - 'bold italic small caps'  (b/scit) with NFSS spec.: 
(fontspec)             - (bc/n) with NFSS spec.:
(fontspec)             <->s*[1]"[OpenSansCondensed-Bold.ttf]:mode=node;script=l
atn;language=dflt;+tlig;+liga;+tnum;+lnum;"
(fontspec)             -  (bc/sc) with NFSS spec.: 
(fontspec)             - (eb/n) with NFSS spec.:
(fontspec)             <->s*[1]"[OpenSans-ExtraBold.ttf]:mode=node;script=latn;
language=dflt;+tlig;+liga;+tnum;+lnum;"
(fontspec)             -  (eb/sc) with NFSS spec.: 
(fontspec)             - (eb/it) with NFSS spec.:
(fontspec)             <->s*[1]"[OpenSans-ExtraBoldItalic.ttf]:mode=node;script
=latn;language=dflt;+tlig;+liga;+tnum;+lnum;"
(fontspec)             -  (eb/scit) with NFSS spec.: 
(fontspec)             - 'normal' (m/n) with NFSS spec.:
(fontspec)             <->s*[1]"[OpenSans-Regular.ttf]:mode=node;script=latn;la
nguage=dflt;+tlig;+liga;+tnum;+lnum;"
(fontspec)             - 'small caps'  (m/sc) with NFSS spec.: 
(fontspec)             - 'italic' (m/it) with NFSS spec.:
(fontspec)             <->s*[1]"[OpenSans-Italic.ttf]:mode=node;script=latn;lan
guage=dflt;+tlig;+liga;+tnum;+lnum;"
(fontspec)             - 'italic small caps'  (m/scit) with NFSS spec.: 

luaotfload | aux : font no 31 (nil) does not define feature smcp for script latn
 with language dflt
luaotfload | aux : font no 32 (nil) does not define feature smcp for script latn
 with language dflt
luaotfload | aux : font no 33 (nil) does not define feature smcp for script latn
 with language dflt
luaotfload | aux : font no 34 (nil) does not define feature smcp for script latn
 with language dflt
luaotfload | aux : font no 35 (nil) does not define feature smcp for script latn
 with language dflt
luaotfload | aux : font no 36 (nil) does not define feature smcp for script latn
 with language dflt
luaotfload | aux : font no 37 (nil) does not define feature smcp for script latn
 with language dflt
luaotfload | aux : font no 38 (nil) does not define feature smcp for script latn
 with language dflt
luaotfload | aux : font no 39 (nil) does not define feature smcp for script latn
 with language dflt
luaotfload | aux : font no 40 (nil) does not define feature smcp for script latn
 with language dflt
luaotfload | aux : font no 41 (nil) does not define feature smcp for script latn
 with language dflt
luaotfload | aux : font no 42 (nil) does not define feature smcp for script latn
 with language dflt
luaotfload | aux : font no 43 (nil) does not define feature smcp for script latn
 with language dflt

Package fontspec Info: Font family 'OpenSans(0)' created for font 'OpenSans'
(fontspec)             with options
(fontspec)             [Ligatures=TeX,Extension=.ttf,Ligatures={TeX,Common},Sca
le=1,FontFace={l}{n}{*-Light},FontFace={l}{it}{*-LightItalic},FontFace={lc}{n}{
*Condensed-Light},FontFace={lc}{it}{*Condensed-LightItalic},UprightFont={*-Regu
lar},ItalicFont={*-Italic},FontFace={sb}{n}{*-SemiBold},FontFace={sb}{it}{*-Sem
iBoldItalic},FontFace={b}{n}{*-Bold},FontFace={b}{it}{*-BoldItalic},BoldFont={*
-Bold},BoldItalicFont={*-BoldItalic},FontFace={bc}{n}{*Condensed-Bold},FontFace
={eb}{n}{*-ExtraBold},FontFace={eb}{it}{*-ExtraBoldItalic},Numbers={Monospaced,
OldStyle}].
(fontspec)              
(fontspec)              This font family consists of the following NFSS
(fontspec)             series/shapes:
(fontspec)              
(fontspec)             - (l/n) with NFSS spec.:
(fontspec)             <->s*[1]"[OpenSans-Light.ttf]:mode=node;script=latn;lang
uage=dflt;+tlig;+liga;+tnum;+onum;"
(fontspec)             -  (l/sc) with NFSS spec.: 
(fontspec)             - (l/it) with NFSS spec.:
(fontspec)             <->s*[1]"[OpenSans-LightItalic.ttf]:mode=node;script=lat
n;language=dflt;+tlig;+liga;+tnum;+onum;"
(fontspec)             -  (l/scit) with NFSS spec.: 
(fontspec)             - (lc/n) with NFSS spec.:
(fontspec)             <->s*[1]"[OpenSansCondensed-Light.ttf]:mode=node;script=
latn;language=dflt;+tlig;+liga;+tnum;+onum;"
(fontspec)             -  (lc/sc) with NFSS spec.: 
(fontspec)             - (lc/it) with NFSS spec.:
(fontspec)             <->s*[1]"[OpenSansCondensed-LightItalic.ttf]:mode=node;s
cript=latn;language=dflt;+tlig;+liga;+tnum;+onum;"
(fontspec)             -  (lc/scit) with NFSS spec.: 
(fontspec)             - (sb/n) with NFSS spec.:
(fontspec)             <->s*[1]"[OpenSans-SemiBold.ttf]:mode=node;script=latn;l
anguage=dflt;+tlig;+liga;+tnum;+onum;"
(fontspec)             -  (sb/sc) with NFSS spec.: 
(fontspec)             - (sb/it) with NFSS spec.:
(fontspec)             <->s*[1]"[OpenSans-SemiBoldItalic.ttf]:mode=node;script=
latn;language=dflt;+tlig;+liga;+tnum;+onum;"
(fontspec)             -  (sb/scit) with NFSS spec.: 
(fontspec)             - 'bold' (b/n) with NFSS spec.:
(fontspec)             <->s*[1]"[OpenSans-Bold.ttf]:mode=node;script=latn;langu
age=dflt;+tlig;+liga;+tnum;+onum;"
(fontspec)             - 'bold small caps'  (b/sc) with NFSS spec.: 
(fontspec)             - 'bold italic' (b/it) with NFSS spec.:
(fontspec)             <->s*[1]"[OpenSans-BoldItalic.ttf]:mode=node;script=latn
;language=dflt;+tlig;+liga;+tnum;+onum;"
(fontspec)             - 'bold italic small caps'  (b/scit) with NFSS spec.: 
(fontspec)             - (bc/n) with NFSS spec.:
(fontspec)             <->s*[1]"[OpenSansCondensed-Bold.ttf]:mode=node;script=l
atn;language=dflt;+tlig;+liga;+tnum;+onum;"
(fontspec)             -  (bc/sc) with NFSS spec.: 
(fontspec)             - (eb/n) with NFSS spec.:
(fontspec)             <->s*[1]"[OpenSans-ExtraBold.ttf]:mode=node;script=latn;
language=dflt;+tlig;+liga;+tnum;+onum;"
(fontspec)             -  (eb/sc) with NFSS spec.: 
(fontspec)             - (eb/it) with NFSS spec.:
(fontspec)             <->s*[1]"[OpenSans-ExtraBoldItalic.ttf]:mode=node;script
=latn;language=dflt;+tlig;+liga;+tnum;+onum;"
(fontspec)             -  (eb/scit) with NFSS spec.: 
(fontspec)             - 'normal' (m/n) with NFSS spec.:
(fontspec)             <->s*[1]"[OpenSans-Regular.ttf]:mode=node;script=latn;la
nguage=dflt;+tlig;+liga;+tnum;+onum;"
(fontspec)             - 'small caps'  (m/sc) with NFSS spec.: 
(fontspec)             - 'italic' (m/it) with NFSS spec.:
(fontspec)             <->s*[1]"[OpenSans-Italic.ttf]:mode=node;script=latn;lan
guage=dflt;+tlig;+liga;+tnum;+onum;"
(fontspec)             - 'italic small caps'  (m/scit) with NFSS spec.: 

LaTeX Font Info:    Font shape `TU/OpenSans(0)/m/n' will be
(Font)              scaled to size 8.0pt on input line 151.
)
(C:/Users/impishwhite/AppData/Roaming/MiKTeX/tex/latex/merriweather/merriweathe
r.sty
Package: merriweather 2020/09/12 (Bob Tennent) Supports Merriweather(Sans) font
s for all LaTeX engines. 
 ("C:/Program Files/MiKTeX/tex/latex/base/textcomp.sty"
Package: textcomp 2020/02/02 v2.0n Standard LaTeX package
)

Package fontspec Info: Font family 'MerriweatherSans(0)' created for font
(fontspec)             'MerriweatherSans' with options [Ligatures =
(fontspec)             TeX,Extension = .otf,Ligatures=TeX,Numbers =
(fontspec)             {Proportional,OldStyle},Scale = 1,UprightFont =
(fontspec)             *-Regular,ItalicFont = *-Italic,BoldFont =
(fontspec)             *-Bold,BoldItalicFont = *-BoldItalic].
(fontspec)              
(fontspec)              This font family consists of the following NFSS
(fontspec)             series/shapes:
(fontspec)              
(fontspec)             - 'normal' (m/n) with NFSS spec.:
(fontspec)             <->s*[1]"[MerriweatherSans-Regular.otf]:mode=node;script
=latn;language=dflt;+tlig;+pnum;+onum;"
(fontspec)             - 'small caps'  (m/sc) with NFSS spec.:
(fontspec)             <->s*[1]"[MerriweatherSans-Regular.otf]:mode=node;script
=latn;language=dflt;+tlig;+pnum;+onum;+smcp;"
(fontspec)             - 'bold' (b/n) with NFSS spec.:
(fontspec)             <->s*[1]"[MerriweatherSans-Bold.otf]:mode=node;script=la
tn;language=dflt;+tlig;+pnum;+onum;"
(fontspec)             - 'bold small caps'  (b/sc) with NFSS spec.:
(fontspec)             <->s*[1]"[MerriweatherSans-Bold.otf]:mode=node;script=la
tn;language=dflt;+tlig;+pnum;+onum;+smcp;"
(fontspec)             - 'italic' (m/it) with NFSS spec.:
(fontspec)             <->s*[1]"[MerriweatherSans-Italic.otf]:mode=node;script=
latn;language=dflt;+tlig;+pnum;+onum;"
(fontspec)             - 'italic small caps'  (m/scit) with NFSS spec.:
(fontspec)             <->s*[1]"[MerriweatherSans-Italic.otf]:mode=node;script=
latn;language=dflt;+tlig;+pnum;+onum;+smcp;"
(fontspec)             - 'bold italic' (b/it) with NFSS spec.:
(fontspec)             <->s*[1]"[MerriweatherSans-BoldItalic.otf]:mode=node;scr
ipt=latn;language=dflt;+tlig;+pnum;+onum;"
(fontspec)             - 'bold italic small caps'  (b/scit) with NFSS spec.:
(fontspec)             <->s*[1]"[MerriweatherSans-BoldItalic.otf]:mode=node;scr
ipt=latn;language=dflt;+tlig;+pnum;+onum;+smcp;"


Package fontspec Info: Font family 'MerriweatherSans(1)' created for font
(fontspec)             'MerriweatherSans' with options [Ligatures =
(fontspec)             TeX,Extension = .otf,Numbers =
(fontspec)             {Proportional,OldStyle},Scale = 1,UprightFont =
(fontspec)             *-Regular,ItalicFont = *-Italic,BoldFont =
(fontspec)             *-Bold,BoldItalicFont = *-BoldItalic].
(fontspec)              
(fontspec)              This font family consists of the following NFSS
(fontspec)             series/shapes:
(fontspec)              
(fontspec)             - 'normal' (m/n) with NFSS spec.:
(fontspec)             <->s*[1]"[MerriweatherSans-Regular.otf]:mode=node;script
=latn;language=dflt;+tlig;+pnum;+onum;"
(fontspec)             - 'small caps'  (m/sc) with NFSS spec.:
(fontspec)             <->s*[1]"[MerriweatherSans-Regular.otf]:mode=node;script
=latn;language=dflt;+tlig;+pnum;+onum;+smcp;"
(fontspec)             - 'bold' (b/n) with NFSS spec.:
(fontspec)             <->s*[1]"[MerriweatherSans-Bold.otf]:mode=node;script=la
tn;language=dflt;+tlig;+pnum;+onum;"
(fontspec)             - 'bold small caps'  (b/sc) with NFSS spec.:
(fontspec)             <->s*[1]"[MerriweatherSans-Bold.otf]:mode=node;script=la
tn;language=dflt;+tlig;+pnum;+onum;+smcp;"
(fontspec)             - 'italic' (m/it) with NFSS spec.:
(fontspec)             <->s*[1]"[MerriweatherSans-Italic.otf]:mode=node;script=
latn;language=dflt;+tlig;+pnum;+onum;"
(fontspec)             - 'italic small caps'  (m/scit) with NFSS spec.:
(fontspec)             <->s*[1]"[MerriweatherSans-Italic.otf]:mode=node;script=
latn;language=dflt;+tlig;+pnum;+onum;+smcp;"
(fontspec)             - 'bold italic' (b/it) with NFSS spec.:
(fontspec)             <->s*[1]"[MerriweatherSans-BoldItalic.otf]:mode=node;scr
ipt=latn;language=dflt;+tlig;+pnum;+onum;"
(fontspec)             - 'bold italic small caps'  (b/scit) with NFSS spec.:
(fontspec)             <->s*[1]"[MerriweatherSans-BoldItalic.otf]:mode=node;scr
ipt=latn;language=dflt;+tlig;+pnum;+onum;+smcp;"


Package fontspec Info: Font family 'Merriweather(0)' created for font
(fontspec)             'Merriweather' with options [Ligatures = TeX,Extension
(fontspec)             = .otf,Numbers = {Proportional,OldStyle},UprightFont =
(fontspec)             *-Light,ItalicFont = *-LightItalic,BoldFont =
(fontspec)             *-Light,BoldItalicFont = *-LightItalic].
(fontspec)              
(fontspec)              This font family consists of the following NFSS
(fontspec)             series/shapes:
(fontspec)              
(fontspec)             - 'normal' (m/n) with NFSS spec.:
(fontspec)             <->"[Merriweather-Light.otf]:mode=node;script=latn;langu
age=dflt;+tlig;+pnum;+onum;"
(fontspec)             - 'small caps'  (m/sc) with NFSS spec.:
(fontspec)             <->"[Merriweather-Light.otf]:mode=node;script=latn;langu
age=dflt;+tlig;+pnum;+onum;+smcp;"
(fontspec)             - 'bold' (b/n) with NFSS spec.:
(fontspec)             <->"[Merriweather-Light.otf]:mode=node;script=latn;langu
age=dflt;+tlig;+pnum;+onum;"
(fontspec)             - 'bold small caps'  (b/sc) with NFSS spec.:
(fontspec)             <->"[Merriweather-Light.otf]:mode=node;script=latn;langu
age=dflt;+tlig;+pnum;+onum;+smcp;"
(fontspec)             - 'italic' (m/it) with NFSS spec.:
(fontspec)             <->"[Merriweather-LightItalic.otf]:mode=node;script=latn
;language=dflt;+tlig;+pnum;+onum;"
(fontspec)             - 'italic small caps'  (m/scit) with NFSS spec.:
(fontspec)             <->"[Merriweather-LightItalic.otf]:mode=node;script=latn
;language=dflt;+tlig;+pnum;+onum;+smcp;"
(fontspec)             - 'bold italic' (b/it) with NFSS spec.:
(fontspec)             <->"[Merriweather-LightItalic.otf]:mode=node;script=latn
;language=dflt;+tlig;+pnum;+onum;"
(fontspec)             - 'bold italic small caps'  (b/scit) with NFSS spec.:
(fontspec)             <->"[Merriweather-LightItalic.otf]:mode=node;script=latn
;language=dflt;+tlig;+pnum;+onum;+smcp;"


Package fontspec Info: Font family 'MerriweatherSans(2)' created for font
(fontspec)             'MerriweatherSans' with options [Ligatures =
(fontspec)             TeX,Extension = .otf,Numbers =
(fontspec)             {Proportional,OldStyle},Scale = 1,UprightFont =
(fontspec)             *-Light,ItalicFont = *-LightItalic,BoldFont =
(fontspec)             *-Light,BoldItalicFont = *-LightItalic].
(fontspec)              
(fontspec)              This font family consists of the following NFSS
(fontspec)             series/shapes:
(fontspec)              
(fontspec)             - 'normal' (m/n) with NFSS spec.:
(fontspec)             <->s*[1]"[MerriweatherSans-Light.otf]:mode=node;script=l
atn;language=dflt;+tlig;+pnum;+onum;"
(fontspec)             - 'small caps'  (m/sc) with NFSS spec.:
(fontspec)             <->s*[1]"[MerriweatherSans-Light.otf]:mode=node;script=l
atn;language=dflt;+tlig;+pnum;+onum;+smcp;"
(fontspec)             - 'bold' (b/n) with NFSS spec.:
(fontspec)             <->s*[1]"[MerriweatherSans-Light.otf]:mode=node;script=l
atn;language=dflt;+tlig;+pnum;+onum;"
(fontspec)             - 'bold small caps'  (b/sc) with NFSS spec.:
(fontspec)             <->s*[1]"[MerriweatherSans-Light.otf]:mode=node;script=l
atn;language=dflt;+tlig;+pnum;+onum;+smcp;"
(fontspec)             - 'italic' (m/it) with NFSS spec.:
(fontspec)             <->s*[1]"[MerriweatherSans-LightItalic.otf]:mode=node;sc
ript=latn;language=dflt;+tlig;+pnum;+onum;"
(fontspec)             - 'italic small caps'  (m/scit) with NFSS spec.:
(fontspec)             <->s*[1]"[MerriweatherSans-LightItalic.otf]:mode=node;sc
ript=latn;language=dflt;+tlig;+pnum;+onum;+smcp;"
(fontspec)             - 'bold italic' (b/it) with NFSS spec.:
(fontspec)             <->s*[1]"[MerriweatherSans-LightItalic.otf]:mode=node;sc
ript=latn;language=dflt;+tlig;+pnum;+onum;"
(fontspec)             - 'bold italic small caps'  (b/scit) with NFSS spec.:
(fontspec)             <->s*[1]"[MerriweatherSans-LightItalic.otf]:mode=node;sc
ript=latn;language=dflt;+tlig;+pnum;+onum;+smcp;"


Package fontspec Info: Font family 'Merriweather(1)' created for font
(fontspec)             'Merriweather' with options [Ligatures = TeX,Extension
(fontspec)             = .otf,Numbers = {Proportional,OldStyle},UprightFont =
(fontspec)             *-Black,ItalicFont = *-BlackItalic,BoldFont =
(fontspec)             *-Black,BoldItalicFont = *-BlackItalic].
(fontspec)              
(fontspec)              This font family consists of the following NFSS
(fontspec)             series/shapes:
(fontspec)              
(fontspec)             - 'normal' (m/n) with NFSS spec.:
(fontspec)             <->"[Merriweather-Black.otf]:mode=node;script=latn;langu
age=dflt;+tlig;+pnum;+onum;"
(fontspec)             - 'small caps'  (m/sc) with NFSS spec.:
(fontspec)             <->"[Merriweather-Black.otf]:mode=node;script=latn;langu
age=dflt;+tlig;+pnum;+onum;+smcp;"
(fontspec)             - 'bold' (b/n) with NFSS spec.:
(fontspec)             <->"[Merriweather-Black.otf]:mode=node;script=latn;langu
age=dflt;+tlig;+pnum;+onum;"
(fontspec)             - 'bold small caps'  (b/sc) with NFSS spec.:
(fontspec)             <->"[Merriweather-Black.otf]:mode=node;script=latn;langu
age=dflt;+tlig;+pnum;+onum;+smcp;"
(fontspec)             - 'italic' (m/it) with NFSS spec.:
(fontspec)             <->"[Merriweather-BlackItalic.otf]:mode=node;script=latn
;language=dflt;+tlig;+pnum;+onum;"
(fontspec)             - 'italic small caps'  (m/scit) with NFSS spec.:
(fontspec)             <->"[Merriweather-BlackItalic.otf]:mode=node;script=latn
;language=dflt;+tlig;+pnum;+onum;+smcp;"
(fontspec)             - 'bold italic' (b/it) with NFSS spec.:
(fontspec)             <->"[Merriweather-BlackItalic.otf]:mode=node;script=latn
;language=dflt;+tlig;+pnum;+onum;"
(fontspec)             - 'bold italic small caps'  (b/scit) with NFSS spec.:
(fontspec)             <->"[Merriweather-BlackItalic.otf]:mode=node;script=latn
;language=dflt;+tlig;+pnum;+onum;+smcp;"


Package fontspec Info: Font family 'MerriweatherSans(3)' created for font
(fontspec)             'MerriweatherSans' with options [Ligatures =
(fontspec)             TeX,Extension = .otf,Numbers =
(fontspec)             {Proportional,OldStyle},Scale = 1,UprightFont =
(fontspec)             *-ExtraBold,ItalicFont = *-ExtraBoldItalic,BoldFont =
(fontspec)             *-ExtraBold,BoldItalicFont = *-ExtraBoldItalic].
(fontspec)              
(fontspec)              This font family consists of the following NFSS
(fontspec)             series/shapes:
(fontspec)              
(fontspec)             - 'normal' (m/n) with NFSS spec.:
(fontspec)             <->s*[1]"[MerriweatherSans-ExtraBold.otf]:mode=node;scri
pt=latn;language=dflt;+tlig;+pnum;+onum;"
(fontspec)             - 'small caps'  (m/sc) with NFSS spec.:
(fontspec)             <->s*[1]"[MerriweatherSans-ExtraBold.otf]:mode=node;scri
pt=latn;language=dflt;+tlig;+pnum;+onum;+smcp;"
(fontspec)             - 'bold' (b/n) with NFSS spec.:
(fontspec)             <->s*[1]"[MerriweatherSans-ExtraBold.otf]:mode=node;scri
pt=latn;language=dflt;+tlig;+pnum;+onum;"
(fontspec)             - 'bold small caps'  (b/sc) with NFSS spec.:
(fontspec)             <->s*[1]"[MerriweatherSans-ExtraBold.otf]:mode=node;scri
pt=latn;language=dflt;+tlig;+pnum;+onum;+smcp;"
(fontspec)             - 'italic' (m/it) with NFSS spec.:
(fontspec)             <->s*[1]"[MerriweatherSans-ExtraBoldItalic.otf]:mode=nod
e;script=latn;language=dflt;+tlig;+pnum;+onum;"
(fontspec)             - 'italic small caps'  (m/scit) with NFSS spec.:
(fontspec)             <->s*[1]"[MerriweatherSans-ExtraBoldItalic.otf]:mode=nod
e;script=latn;language=dflt;+tlig;+pnum;+onum;+smcp;"
(fontspec)             - 'bold italic' (b/it) with NFSS spec.:
(fontspec)             <->s*[1]"[MerriweatherSans-ExtraBoldItalic.otf]:mode=nod
e;script=latn;language=dflt;+tlig;+pnum;+onum;"
(fontspec)             - 'bold italic small caps'  (b/scit) with NFSS spec.:
(fontspec)             <->s*[1]"[MerriweatherSans-ExtraBoldItalic.otf]:mode=nod
e;script=latn;language=dflt;+tlig;+pnum;+onum;+smcp;"

)
\c_titlesIndentRef_dim=\dimen285


! LaTeX Error: Missing \begin{document}.

See the LaTeX manual or LaTeX Companion for explanation.
Type  H <return>  for immediate help.
 ...                                              
                                                  
l.362 \ExplSyntaxOff
                   
You're in trouble here.  Try typing  <return>  to proceed.
If that doesn't work, type  X <return>  to quit.

\@quotelevel=\count501
\@quotereset=\count502
(./test.aux)
\openout1 = test.aux

LaTeX Font Info:    Checking defaults for OML/cmm/m/it on input line 365.
LaTeX Font Info:    ... okay on input line 365.
LaTeX Font Info:    Checking defaults for OMS/cmsy/m/n on input line 365.
LaTeX Font Info:    ... okay on input line 365.
LaTeX Font Info:    Checking defaults for OT1/cmr/m/n on input line 365.
LaTeX Font Info:    ... okay on input line 365.
LaTeX Font Info:    Checking defaults for T1/cmr/m/n on input line 365.
LaTeX Font Info:    ... okay on input line 365.
LaTeX Font Info:    Checking defaults for TS1/cmr/m/n on input line 365.
LaTeX Font Info:    Trying to load font information for TS1+cmr on input line 3
65.
 ("C:/Program Files/MiKTeX/tex/latex/base/ts1cmr.fd"
File: ts1cmr.fd 2019/12/16 v2.5j Standard LaTeX font definitions
)
LaTeX Font Info:    ... okay on input line 365.
LaTeX Font Info:    Checking defaults for TU/lmr/m/n on input line 365.
LaTeX Font Info:    ... okay on input line 365.
LaTeX Font Info:    Checking defaults for OMX/cmex/m/n on input line 365.
LaTeX Font Info:    ... okay on input line 365.
LaTeX Font Info:    Checking defaults for U/cmr/m/n on input line 365.
LaTeX Font Info:    ... okay on input line 365.
LaTeX Font Info:    Checking defaults for PD1/pdf/m/n on input line 365.
LaTeX Font Info:    ... okay on input line 365.
LaTeX Font Info:    Checking defaults for PU/pdf/m/n on input line 365.
LaTeX Font Info:    ... okay on input line 365.

("C:/Program Files/MiKTeX/tex/context/base/mkii/supp-pdf.mkii"
[Loading MPS to PDF converter (version 2006.09.02).]
\scratchcounter=\count503
\scratchdimen=\dimen286
\scratchbox=\box121
\nofMPsegments=\count504
\nofMParguments=\count505
\everyMPshowfont=\toks50
\MPscratchCnt=\count506
\MPscratchDim=\dimen287
\MPnumerator=\count507
\makeMPintoPDFobject=\count508
\everyMPtoPDFconversion=\toks51
) ("C:/Program Files/MiKTeX/tex/latex/epstopdf-pkg/epstopdf-base.sty"
Package: epstopdf-base 2020-01-24 v2.11 Base part for package epstopdf
Package epstopdf-base Info: Redefining graphics rule for `.eps' on input line 4
85.
)

Package hyperref Warning: Height of page (\stockheight) is invalid (0.0pt),
(hyperref)                using 11in.

Package hyperref Info: Link coloring OFF on input line 365.
("C:/Program Files/MiKTeX/tex/latex/hyperref/nameref.sty"
Package: nameref 2021-04-02 v2.47 Cross-referencing by name of section

(C:/Users/impishwhite/AppData/Roaming/MiKTeX/tex/latex/refcount/refcount.sty
Package: refcount 2019/12/15 v3.6 Data extraction from label references (HO)
)
(C:/Users/impishwhite/AppData/Roaming/MiKTeX/tex/generic/gettitlestring/gettitl
estring.sty
Package: gettitlestring 2019/12/15 v1.6 Cleanup title references (HO)
)
\c@section@level=\count509
)
LaTeX Info: Redefining \ref on input line 365.
LaTeX Info: Redefining \pageref on input line 365.
LaTeX Info: Redefining \nameref on input line 365.
 (./test.out) (./test.out)
\@outlinefile=\write8

\openout8 = test.out

*geometry* driver: auto-detecting
*geometry* detected driver: luatex
*geometry* verbose mode - [ preamble ] result:
* driver: luatex
* paper: a4paper
* layout: <same size as paper>
* layoutoffset:(h,v)=(0.0pt,0.0pt)
* modes: 
* h-part:(L,W,R)=(14.22636pt, 569.05515pt, 14.22636pt)
* v-part:(T,H,B)=(14.22636pt, 816.59412pt, 14.22636pt)
* \paperwidth=597.50787pt
* \paperheight=845.04684pt
* \textwidth=569.05515pt
* \textheight=816.59412pt
* \oddsidemargin=-58.04362pt
* \evensidemargin=-58.04362pt
* \topmargin=-95.04362pt
* \headheight=12.0pt
* \headsep=25.0pt
* \topskip=9.0pt
* \footskip=30.0pt
* \marginparwidth=65.0pt
* \marginparsep=10.0pt
* \columnsep=14.22636pt
* \skip\footins=7.0pt plus 4.0pt minus 2.0pt
* \hoffset=0.0pt
* \voffset=0.0pt
* \mag=1000
* \@twocolumnfalse
* \@twosidefalse
* \@mparswitchfalse
* \@reversemarginfalse
* (1in=72.27pt=25.4mm, 1cm=28.453pt)


Package fontspec Info: Adjusting the maths setup (use [no-math] to avoid
(fontspec)             this).

\symlegacymaths=\mathgroup4
LaTeX Font Info:    Overwriting symbol font `legacymaths' in version `bold'
(Font)                  OT1/cmr/m/n --> OT1/cmr/bx/n on input line 365.
LaTeX Font Info:    Redeclaring math accent \acute on input line 365.
LaTeX Font Info:    Redeclaring math accent \grave on input line 365.
LaTeX Font Info:    Redeclaring math accent \ddot on input line 365.
LaTeX Font Info:    Redeclaring math accent \tilde on input line 365.
LaTeX Font Info:    Redeclaring math accent \bar on input line 365.
LaTeX Font Info:    Redeclaring math accent \breve on input line 365.
LaTeX Font Info:    Redeclaring math accent \check on input line 365.
LaTeX Font Info:    Redeclaring math accent \hat on input line 365.
LaTeX Font Info:    Redeclaring math accent \dot on input line 365.
LaTeX Font Info:    Redeclaring math accent \mathring on input line 365.
LaTeX Font Info:    Redeclaring math symbol \colon on input line 365.
LaTeX Font Info:    Redeclaring math symbol \Gamma on input line 365.
LaTeX Font Info:    Redeclaring math symbol \Delta on input line 365.
LaTeX Font Info:    Redeclaring math symbol \Theta on input line 365.
LaTeX Font Info:    Redeclaring math symbol \Lambda on input line 365.
LaTeX Font Info:    Redeclaring math symbol \Xi on input line 365.
LaTeX Font Info:    Redeclaring math symbol \Pi on input line 365.
LaTeX Font Info:    Redeclaring math symbol \Sigma on input line 365.
LaTeX Font Info:    Redeclaring math symbol \Upsilon on input line 365.
LaTeX Font Info:    Redeclaring math symbol \Phi on input line 365.
LaTeX Font Info:    Redeclaring math symbol \Psi on input line 365.
LaTeX Font Info:    Redeclaring math symbol \Omega on input line 365.
LaTeX Font Info:    Redeclaring math symbol \mathdollar on input line 365.
LaTeX Font Info:    Redeclaring symbol font `operators' on input line 365.
LaTeX Font Info:    Encoding `OT1' has changed to `TU' for symbol font
(Font)              `operators' in the math version `normal' on input line 365.

LaTeX Font Info:    Overwriting symbol font `operators' in version `normal'
(Font)                  OT1/cmr/m/n --> TU/OpenSans(0)/m/n on input line 365.
LaTeX Font Info:    Encoding `OT1' has changed to `TU' for symbol font
(Font)              `operators' in the math version `bold' on input line 365.
LaTeX Font Info:    Overwriting symbol font `operators' in version `bold'
(Font)                  OT1/cmr/bx/n --> TU/OpenSans(0)/m/n on input line 365.
LaTeX Font Info:    Overwriting symbol font `operators' in version `normal'
(Font)                  TU/OpenSans(0)/m/n --> TU/OpenSans(0)/m/n on input line
 365.
LaTeX Font Info:    Overwriting math alphabet `\mathit' in version `normal'
(Font)                  OT1/cmr/m/it --> TU/OpenSans(0)/m/it on input line 365.

LaTeX Font Info:    Overwriting math alphabet `\mathbf' in version `normal'
(Font)                  OT1/cmr/bx/n --> TU/OpenSans(0)/b/n on input line 365.
LaTeX Font Info:    Overwriting math alphabet `\mathsf' in version `normal'
(Font)                  OT1/cmss/m/n --> TU/MerriweatherSans(0)/m/n on input li
ne 365.
LaTeX Font Info:    Overwriting math alphabet `\mathtt' in version `normal'
(Font)                  OT1/cmtt/m/n --> TU/lmtt/m/n on input line 365.
LaTeX Font Info:    Overwriting symbol font `operators' in version `bold'
(Font)                  TU/OpenSans(0)/m/n --> TU/OpenSans(0)/b/n on input line
 365.
LaTeX Font Info:    Overwriting math alphabet `\mathit' in version `bold'
(Font)                  OT1/cmr/bx/it --> TU/OpenSans(0)/b/it on input line 365
.
LaTeX Font Info:    Overwriting math alphabet `\mathsf' in version `bold'
(Font)                  OT1/cmss/bx/n --> TU/MerriweatherSans(0)/b/n on input l
ine 365.
LaTeX Font Info:    Overwriting math alphabet `\mathtt' in version `bold'
(Font)                  OT1/cmtt/m/n --> TU/lmtt/b/n on input line 365.
Package biblatex Info: Trying to load language 'english'...
Package biblatex Info: ... file 'english.lbx' found.
("C:/Program Files/MiKTeX/tex/latex/biblatex/lbx/english.lbx"
File: english.lbx 2020/12/31 v3.16 biblatex localization (PK/MW)
)
Package biblatex Info: LuaTeX detected.
(biblatex)             Assuming input encoding 'utf8'.
Package biblatex Info: Automatic encoding selection.
(biblatex)             Assuming data encoding 'utf8'.
Package biblatex Info: Document encoding is UTF8 ....
Package biblatex Info: ... and expl3
(biblatex)             2021-02-06 L3 programming layer (loader) 
(biblatex)             is new enough (at least 2020/04/06),
(biblatex)             setting 'casechanger=expl3'.

("C:/Program Files/MiKTeX/tex/latex/biblatex/blx-case-expl3.sty"
Package: blx-case-expl3 2020/12/31 v3.16 expl3 case changing code for biblatex
)
\openout7 = test.bcf

Package biblatex Info: Trying to load bibliographic data...
Package biblatex Info: ... file 'test.bbl' not found.

No file test.bbl.
Package biblatex Info: Reference section=0 on input line 365.
Package biblatex Info: Reference segment=0 on input line 365.

Package layouts Warning: Layout scale set to 0.5 on input line 365.

\c@mv@tabular=\count510
\c@mv@boldtabular=\count511
LaTeX Font Info:    Font shape `TU/OpenSans(0)/m/n' will be
(Font)              scaled to size 17.28pt on input line 420.
LaTeX Font Info:    Font shape `TU/OpenSans(0)/b/n' will be
(Font)              scaled to size 17.28pt on input line 420.
LaTeX Font Info:    Font shape `TU/MerriweatherSans(1)/b/n' will be
(Font)              scaled to size 17.28pt on input line 420.
LaTeX Font Info:    Font shape `TU/OpenSans(0)/m/n' will be
(Font)              scaled to size 10.95pt on input line 420.
LaTeX Font Info:    Font shape `TU/OpenSans(0)/b/n' will be
(Font)              scaled to size 10.95pt on input line 420.
LaTeX Font Info:    Font shape `TU/MerriweatherSans(1)/b/n' will be
(Font)              scaled to size 10.95pt on input line 420.
LaTeX Font Info:    Font shape `TU/OpenSans(0)/m/n' will be
(Font)              scaled to size 10.0pt on input line 420.
LaTeX Font Info:    Font shape `TU/OpenSans(0)/b/n' will be
(Font)              scaled to size 10.0pt on input line 420.
LaTeX Font Info:    Font shape `TU/MerriweatherSans(1)/b/n' will be
(Font)              scaled to size 10.0pt on input line 420.
LaTeX Font Info:    Font shape `TU/OpenSans(0)/m/n' will be
(Font)              scaled to size 6.0pt on input line 420.
LaTeX Font Info:    Font shape `TU/OpenSans(0)/m/n' will be
(Font)              scaled to size 5.0pt on input line 420.
LaTeX Font Info:    External font `cmex7' loaded for size
(Font)              <6> on input line 420.
LaTeX Font Info:    External font `cmex7' loaded for size
(Font)              <5> on input line 420.
<CypBLA_Square_500x500.jpg, id=12, 521.95pt x 529.98pt>
File: CypBLA_Square_500x500.jpg Graphic file (type jpg)
<use CypBLA_Square_500x500.jpg>
Package luatex.def Info: CypBLA_Square_500x500.jpg  used on input line 420.
(luatex.def)             Requested size: 79.6678pt x 80.89258pt.
LaTeX Font Info:    Font shape `TU/OpenSans(0)/m/n' will be
(Font)              scaled to size 12.0pt on input line 441.
LaTeX Font Info:    Font shape `TU/OpenSans(0)/b/n' will be
(Font)              scaled to size 12.0pt on input line 441.
LaTeX Font Info:    Font shape `TU/MerriweatherSans(1)/b/n' will be
(Font)              scaled to size 12.0pt on input line 441.
luaotfload | aux : font no 73 (nil) does not define feature sups for script latn
 with language dflt
LaTeX Font Info:    Font shape `TU/OpenSans(0)/m/n' will be
(Font)              scaled to size 7.0pt on input line 443.
LaTeX Font Info:    External font `cmex7' loaded for size
(Font)              <7> on input line 443.
LaTeX Font Info:    Font shape `TU/OpenSans(0)/b/n' will be
(Font)              scaled to size 8.0pt on input line 443.
LaTeX Font Info:    Font shape `TU/OpenSans(0)/m/it' will be
(Font)              scaled to size 8.0pt on input line 523.
LaTeX Font Info:    Font shape `TU/MerriweatherSans(1)/b/n' will be
(Font)              scaled to size 8.0pt on input line 605.
[1

<./CypBLA_Square_500x500.jpg>] [2] (./test.aux)
Package rerunfilecheck Info: File `test.out' has not changed.
(rerunfilecheck)             Checksum: D41D8CD98F00B204E9800998ECF8427E;0.
Package logreq Info: Writing requests to 'test.run.xml'.

\openout1 = test.run.xml
)

Here is how much of LuaTeX's memory you used:
 40715 strings out of 478819
 125007,1977958 words of node,token memory allocated
 551 words of node memory still in use:
   4 hlist, 1 vlist, 1 rule, 2 glue, 3 kern, 1 glyph, 6 attribute, 73 glue_spec,
 6 attribute_list, 2 write nodes
   avail lists: 1:6,2:2995,3:1352,4:409,5:270,6:220,7:12316,8:11,9:1261,10:23,11
:861
 58982 multiletter control sequences out of 65536+200000
 103 fonts using 14716983 bytes
 113i,11n,122p,1128b,1849s stack positions out of 5000i,500n,10000p,200000b,50000s
<//?/c:/windows/fonts/opensans-italic.ttf><//?/c:/windows/fonts/opensans-bold.tt
f><C:/Users/impishwhite/AppData/Roaming/MiKTeX/fonts/opentype/public/fontawesome
5/FontAwesome5Brands-Regular-400.otf><C:/Users/impishwhite/AppData/Roaming/MiKTe
X/fonts/opentype/public/fontawesome5/FontAwesome5Free-Solid-900.otf><C:/Users/im
pishwhite/AppData/Roaming/MiKTeX/fonts/opentype/sorkin/merriweather/Merriweather
Sans-Bold.otf><//?/c:/windows/fonts/opensans-regular.ttf>
Output written on test.pdf (2 pages, 233640 bytes).

PDF statistics: 68 PDF objects out of 1000 (max. 8388607)
 3 named destinations out of 1000 (max. 131072)
 31 words of extra memory for PDF output out of 10000 (max. 100000000)

